Archive member included to satisfy reference by file (symbol)

C:/Users/rimur/.pico-sdk/toolchain/14_2_Rel1/bin/../lib/gcc/arm-none-eabi/14.2.1/thumb/v6-m/nofp\libgcc.a(_dvmd_tls.o)
                              src/CMakeFiles/SerialCmds.dir/C_/Users/rimur/.pico-sdk/sdk/2.2.0/src/rp2_common/pico_divider/divider_hardware.S.obj (__aeabi_idiv0)
C:/Users/rimur/.pico-sdk/toolchain/14_2_Rel1/bin/../lib/gcc/arm-none-eabi/14.2.1/thumb/v6-m/nofp\libg.a(libc_a-calloc.o)
                              src/CMakeFiles/SerialCmds.dir/C_/Users/rimur/.pico-sdk/sdk/2.2.0/src/rp2_common/pico_malloc/malloc.c.obj (calloc)
C:/Users/rimur/.pico-sdk/toolchain/14_2_Rel1/bin/../lib/gcc/arm-none-eabi/14.2.1/thumb/v6-m/nofp\libg.a(libc_a-callocr.o)
                              C:/Users/rimur/.pico-sdk/toolchain/14_2_Rel1/bin/../lib/gcc/arm-none-eabi/14.2.1/thumb/v6-m/nofp\libg.a(libc_a-calloc.o) (_calloc_r)
C:/Users/rimur/.pico-sdk/toolchain/14_2_Rel1/bin/../lib/gcc/arm-none-eabi/14.2.1/thumb/v6-m/nofp\libg.a(libc_a-malloc.o)
                              src/CMakeFiles/SerialCmds.dir/C_/Users/rimur/.pico-sdk/sdk/2.2.0/src/rp2_common/pico_malloc/malloc.c.obj (malloc)
C:/Users/rimur/.pico-sdk/toolchain/14_2_Rel1/bin/../lib/gcc/arm-none-eabi/14.2.1/thumb/v6-m/nofp\libg.a(libc_a-mallocr.o)
                              C:/Users/rimur/.pico-sdk/toolchain/14_2_Rel1/bin/../lib/gcc/arm-none-eabi/14.2.1/thumb/v6-m/nofp\libg.a(libc_a-callocr.o) (_malloc_r)
C:/Users/rimur/.pico-sdk/toolchain/14_2_Rel1/bin/../lib/gcc/arm-none-eabi/14.2.1/thumb/v6-m/nofp\libg.a(libc_a-mlock.o)
                              C:/Users/rimur/.pico-sdk/toolchain/14_2_Rel1/bin/../lib/gcc/arm-none-eabi/14.2.1/thumb/v6-m/nofp\libg.a(libc_a-mallocr.o) (__malloc_lock)
C:/Users/rimur/.pico-sdk/toolchain/14_2_Rel1/bin/../lib/gcc/arm-none-eabi/14.2.1/thumb/v6-m/nofp\libg.a(libc_a-rand.o)
                              src/CMakeFiles/SerialCmds.dir/main.cpp.obj (srand)
C:/Users/rimur/.pico-sdk/toolchain/14_2_Rel1/bin/../lib/gcc/arm-none-eabi/14.2.1/thumb/v6-m/nofp\libg.a(libc_a-realloc.o)
                              src/CMakeFiles/SerialCmds.dir/C_/Users/rimur/.pico-sdk/sdk/2.2.0/src/rp2_common/pico_malloc/malloc.c.obj (realloc)
C:/Users/rimur/.pico-sdk/toolchain/14_2_Rel1/bin/../lib/gcc/arm-none-eabi/14.2.1/thumb/v6-m/nofp\libg.a(libc_a-reallocr.o)
                              C:/Users/rimur/.pico-sdk/toolchain/14_2_Rel1/bin/../lib/gcc/arm-none-eabi/14.2.1/thumb/v6-m/nofp\libg.a(libc_a-realloc.o) (_realloc_r)
C:/Users/rimur/.pico-sdk/toolchain/14_2_Rel1/bin/../lib/gcc/arm-none-eabi/14.2.1/thumb/v6-m/nofp\libg.a(libc_a-strtoll.o)
                              src/CMakeFiles/SerialCmds.dir/DecoderAgent.cpp.obj (strtoll)
C:/Users/rimur/.pico-sdk/toolchain/14_2_Rel1/bin/../lib/gcc/arm-none-eabi/14.2.1/thumb/v6-m/nofp\libg.a(libc_a-ctype_.o)
                              src/CMakeFiles/SerialCmds.dir/D_/20260202/RPIPicoFreeRTOSCourse8/lib/tiny-json/tiny-json.c.obj (_ctype_)
C:/Users/rimur/.pico-sdk/toolchain/14_2_Rel1/bin/../lib/gcc/arm-none-eabi/14.2.1/thumb/v6-m/nofp\libg.a(libc_a-memcmp.o)
                              src/CMakeFiles/SerialCmds.dir/C_/Users/rimur/.pico-sdk/sdk/2.2.0/src/rp2_common/pico_atomic/atomic.c.obj (memcmp)
C:/Users/rimur/.pico-sdk/toolchain/14_2_Rel1/bin/../lib/gcc/arm-none-eabi/14.2.1/thumb/v6-m/nofp\libg.a(libc_a-memmove.o)
                              C:/Users/rimur/.pico-sdk/toolchain/14_2_Rel1/bin/../lib/gcc/arm-none-eabi/14.2.1/thumb/v6-m/nofp\libg.a(libc_a-reallocr.o) (memmove)
C:/Users/rimur/.pico-sdk/toolchain/14_2_Rel1/bin/../lib/gcc/arm-none-eabi/14.2.1/thumb/v6-m/nofp\libg.a(libc_a-lcltime_r.o)
                              src/CMakeFiles/SerialCmds.dir/C_/Users/rimur/.pico-sdk/sdk/2.2.0/src/common/pico_util/datetime.c.obj (localtime_r)
C:/Users/rimur/.pico-sdk/toolchain/14_2_Rel1/bin/../lib/gcc/arm-none-eabi/14.2.1/thumb/v6-m/nofp\libg.a(libc_a-mktime.o)
                              src/CMakeFiles/SerialCmds.dir/C_/Users/rimur/.pico-sdk/sdk/2.2.0/src/common/pico_util/datetime.c.obj (mktime)
C:/Users/rimur/.pico-sdk/toolchain/14_2_Rel1/bin/../lib/gcc/arm-none-eabi/14.2.1/thumb/v6-m/nofp\libg.a(libc_a-month_lengths.o)
                              C:/Users/rimur/.pico-sdk/toolchain/14_2_Rel1/bin/../lib/gcc/arm-none-eabi/14.2.1/thumb/v6-m/nofp\libg.a(libc_a-lcltime_r.o) (__month_lengths)
C:/Users/rimur/.pico-sdk/toolchain/14_2_Rel1/bin/../lib/gcc/arm-none-eabi/14.2.1/thumb/v6-m/nofp\libg.a(libc_a-tzcalc_limits.o)
                              C:/Users/rimur/.pico-sdk/toolchain/14_2_Rel1/bin/../lib/gcc/arm-none-eabi/14.2.1/thumb/v6-m/nofp\libg.a(libc_a-lcltime_r.o) (__tzcalc_limits)
C:/Users/rimur/.pico-sdk/toolchain/14_2_Rel1/bin/../lib/gcc/arm-none-eabi/14.2.1/thumb/v6-m/nofp\libg.a(libc_a-tzlock.o)
                              C:/Users/rimur/.pico-sdk/toolchain/14_2_Rel1/bin/../lib/gcc/arm-none-eabi/14.2.1/thumb/v6-m/nofp\libg.a(libc_a-lcltime_r.o) (__tz_lock)
[...]
Memory Configuration

Name             Origin             Length             Attributes
FLASH            0x10000000         0x00200000         xr
RAM              0x20000000         0x00040000         xrw
SCRATCH_X        0x20040000         0x00001000         xrw
SCRATCH_Y        0x20041000         0x00001000         xrw
*default*        0x00000000         0xffffffff

Linker script and memory map

LOAD C:/Users/rimur/.pico-sdk/toolchain/14_2_Rel1/bin/../lib/gcc/arm-none-eabi/14.2.1/thumb/v6-m/nofp/crti.o
LOAD C:/Users/rimur/.pico-sdk/toolchain/14_2_Rel1/bin/../lib/gcc/arm-none-eabi/14.2.1/thumb/v6-m/nofp/crtbegin.o
LOAD C:/Users/rimur/.pico-sdk/toolchain/14_2_Rel1/bin/../lib/gcc/arm-none-eabi/14.2.1/thumb/v6-m/nofp/crt0.o

.flash_begin    0x10000000        0x0
                0x10000000                        __flash_binary_start = .

.boot2          0x10000000      0x100
                0x10000000                        __boot2_start__ = .
 *(.boot2)
 .boot2         0x10000000      0x100 pico-sdk/src/rp2040/boot_stage2/CMakeFiles/bs2_default_library.dir/./bs2_default_padded_checksummed.S.obj
                0x10000100                        __boot2_end__ = .
                0x00000001                        ASSERT (((__boot2_end__ - __boot2_start__) == 0x100), ERROR: Pico second stage bootloader must be 256 bytes in size)

.text           0x10000100     0xb3a0
                0x10000100                        __logical_binary_start = .
 *(.vectors)
 .vectors       0x10000100       0xd4 src/CMakeFiles/SerialCmds.dir/C_/Users/rimur/.pico-sdk/sdk/2.2.0/src/rp2_common/pico_crt0/crt0.S.obj
                0x10000100                __VECTOR_TABLE
                0x10000100                __vectors
                0x100001c0                isr_irq13
                0x100001c0                isr_irq27
                0x100001c0                isr_irq31
                0x100001c0                isr_irq12
                0x100001c0                isr_irq5
                0x100001c0                isr_irq11
                0x100001c0                isr_irq3
                0x100001c0                isr_irq23
                0x100001c0                __unhandled_user_irq
                0x100001c0                isr_irq26
                0x100001c0                isr_irq28
                0x100001c0                isr_irq19
                0x100001c0                isr_irq0
                0x100001c0                isr_irq6
                0x100001c0                isr_irq29
                0x100001c0                isr_irq16
                0x100001c0                isr_irq22
                0x100001c0                isr_irq18
                0x100001c0                isr_irq17
                0x100001c0                isr_irq14
                0x100001c0                __vectors_end
                0x100001c0                __default_isrs_start
                0x100001c0                isr_irq2
                0x100001c0                isr_irq10
                0x100001c0                isr_irq8
                0x100001c0                isr_irq24
                0x100001c0                isr_irq1
                0x100001c0                isr_irq7
                0x100001c0                isr_irq21
                0x100001c0                isr_irq20
                0x100001c0                isr_irq15
                0x100001c0                isr_irq25
                0x100001c0                isr_irq4
                0x100001c0                isr_irq30
                0x100001c0                isr_irq9
                0x100001c6                unhandled_user_irq_num_in_r0
                0x100001c8                isr_invalid
                0x100001ca                isr_nmi
                0x100001cc                isr_hardfault
                0x100001ce                isr_svcall
                0x100001d0                isr_pendsv
                0x100001d2                isr_systick
                0x100001d4                __default_isrs_end
 *(.binary_info_header)
 .binary_info_header
                0x100001d4       0x14 src/CMakeFiles/SerialCmds.dir/C_/Users/rimur/.pico-sdk/sdk/2.2.0/src/rp2_common/pico_crt0/crt0.S.obj
                0x100001e8                        __binary_info_header_end = .
 *(.embedded_block)
                0x100001e8                        __embedded_block_end = .
 *(.reset)
 .reset         0x100001e8       0x9c src/CMakeFiles/SerialCmds.dir/C_/Users/rimur/.pico-sdk/sdk/2.2.0/src/rp2_common/pico_crt0/crt0.S.obj
                0x100001e8                _entry_point
 *(.init)
 .init          0x10000284        0x4 C:/Users/rimur/.pico-sdk/toolchain/14_2_Rel1/bin/../lib/gcc/arm-none-eabi/14.2.1/thumb/v6-m/nofp/crti.o
                0x10000284                _init
 *(EXCLUDE_FILE(*libm.a: *libc.a:*lib_a-mem*.o *libgcc.a:) .text*)
 .text.register_tm_clones
                0x10000288       0x28 C:/Users/rimur/.pico-sdk/toolchain/14_2_Rel1/bin/../lib/gcc/arm-none-eabi/14.2.1/thumb/v6-m/nofp/crtbegin.o
 .text.frame_dummy
                0x100002b0       0x24 C:/Users/rimur/.pico-sdk/toolchain/14_2_Rel1/bin/../lib/gcc/arm-none-eabi/14.2.1/thumb/v6-m/nofp/crtbegin.o
 .text._Z12runTimeStatsv
                0x100002d4       0xc8 src/CMakeFiles/SerialCmds.dir/main.cpp.obj
                0x100002d4                runTimeStats()
 .text._Z8saltRandv
                0x1000039c       0x48 src/CMakeFiles/SerialCmds.dir/main.cpp.obj
                0x1000039c                saltRand()
 .text._Z7vLaunchv
                0x100003e4       0x2c src/CMakeFiles/SerialCmds.dir/main.cpp.obj
                0x100003e4                vLaunch()
 .text.startup.main
                0x10000410       0x30 src/CMakeFiles/SerialCmds.dir/main.cpp.obj
                0x10000410                main
 .text._Z8mainTaskPv
                0x10000440       0x90 src/CMakeFiles/SerialCmds.dir/main.cpp.obj
                0x10000440                mainTask(void*)
 .text._ZN10BlinkAgent15getMaxStackSizeEv
                0x100004d0        0x4 src/CMakeFiles/SerialCmds.dir/BlinkAgent.cpp.obj
                0x100004d0                BlinkAgent::getMaxStackSize()
 .text._ZN10BlinkAgentD2Ev
                0x100004d4       0x1c src/CMakeFiles/SerialCmds.dir/BlinkAgent.cpp.obj
                0x100004d4                BlinkAgent::~BlinkAgent()
                0x100004d4                BlinkAgent::~BlinkAgent()
 .text._ZN10BlinkAgentD0Ev
                0x100004f0       0x24 src/CMakeFiles/SerialCmds.dir/BlinkAgent.cpp.obj
                0x100004f0                BlinkAgent::~BlinkAgent()
 .text._ZN10BlinkAgent3runEv
                0x10000514       0x44 src/CMakeFiles/SerialCmds.dir/BlinkAgent.cpp.obj
                0x10000514                BlinkAgent::run()
 .text._ZN10BlinkAgentC2Eh
                0x10000558       0x18 src/CMakeFiles/SerialCmds.dir/BlinkAgent.cpp.obj
                0x10000558                BlinkAgent::BlinkAgent(unsigned char)
                0x10000558                BlinkAgent::BlinkAgent(unsigned char)
 .text._ZN12CounterAgent15getMaxStackSizeEv
                0x10000570        0x4 src/CMakeFiles/SerialCmds.dir/CounterAgent.cpp.obj
                0x10000570                CounterAgent::getMaxStackSize()
 .text._ZN12CounterAgent7setLedsEh
                0x10000574      0x104 src/CMakeFiles/SerialCmds.dir/CounterAgent.cpp.obj
                0x10000574                CounterAgent::setLeds(unsigned char)
 .text._ZN12CounterAgentD2Ev
                0x10000678       0x20 src/CMakeFiles/SerialCmds.dir/CounterAgent.cpp.obj
                0x10000678                CounterAgent::~CounterAgent()
                0x10000678                CounterAgent::~CounterAgent()
 .text._ZN12CounterAgent4initEv
                0x10000698       0x30 src/CMakeFiles/SerialCmds.dir/CounterAgent.cpp.obj
                0x10000698                CounterAgent::init()
 .text._ZN12CounterAgent5blinkEh
                0x100006c8       0x30 src/CMakeFiles/SerialCmds.dir/CounterAgent.cpp.obj
                0x100006c8                CounterAgent::blink(unsigned char)
 .text._ZN12CounterAgent2onEh
                0x100006f8       0x30 src/CMakeFiles/SerialCmds.dir/CounterAgent.cpp.obj
                0x100006f8                CounterAgent::on(unsigned char)
 .text._ZN12CounterAgent3offEv
                0x10000728       0x2c src/CMakeFiles/SerialCmds.dir/CounterAgent.cpp.obj
                0x10000728                CounterAgent::off()
 .text._ZN12CounterAgentD0Ev
                0x10000754       0x28 src/CMakeFiles/SerialCmds.dir/CounterAgent.cpp.obj
                0x10000754                CounterAgent::~CounterAgent()
 .text._ZN12CounterAgent3runEv
                0x1000077c      0x39c src/CMakeFiles/SerialCmds.dir/CounterAgent.cpp.obj
                0x1000077c                CounterAgent::run()
 .text._ZN12CounterAgentC2Ehhhhhhhh
                0x10000b18       0x68 src/CMakeFiles/SerialCmds.dir/CounterAgent.cpp.obj
                0x10000b18                CounterAgent::CounterAgent(unsigned char, unsigned char, unsigned char, unsigned char, unsigned char, unsigned char, unsigned char, unsigned char)
                0x10000b18                CounterAgent::CounterAgent(unsigned char, unsigned char, unsigned char, unsigned char, unsigned char, unsigned char, unsigned char, unsigned char)
 .text._ZN5Agent7getTaskEv
                0x10000b80        0x4 src/CMakeFiles/SerialCmds.dir/Agent.cpp.obj
                0x10000b80                Agent::getTask()
 .text._ZN5Agent5vTaskEPv
                0x10000b84       0x10 src/CMakeFiles/SerialCmds.dir/Agent.cpp.obj
                0x10000b84                Agent::vTask(void*)
 .text._ZN5Agent4stopEv
                0x10000b94       0x14 src/CMakeFiles/SerialCmds.dir/Agent.cpp.obj
                0x10000b94                Agent::stop()
 .text._ZN5Agent16getStakHighWaterEv
                0x10000ba8       0x14 src/CMakeFiles/SerialCmds.dir/Agent.cpp.obj
                0x10000ba8                Agent::getStakHighWater()
 .text._ZN5Agent5startEPKcm
                0x10000bbc       0x60 src/CMakeFiles/SerialCmds.dir/Agent.cpp.obj
                0x10000bbc                Agent::start(char const*, unsigned long)
 .text._ZN5AgentC2Ev
                0x10000c1c       0x10 src/CMakeFiles/SerialCmds.dir/Agent.cpp.obj
                0x10000c1c                Agent::Agent()
                0x10000c1c                Agent::Agent()
 .text._ZN5AgentD2Ev
                0x10000c2c       0x1c src/CMakeFiles/SerialCmds.dir/Agent.cpp.obj
                0x10000c2c                Agent::~Agent()
                0x10000c2c                Agent::~Agent()
 .text._ZN12DecoderAgent15getMaxStackSizeEv
                0x10000c48        0x8 src/CMakeFiles/SerialCmds.dir/DecoderAgent.cpp.obj
                0x10000c48                DecoderAgent::getMaxStackSize()
 .text._ZN12DecoderAgentD2Ev
                0x10000c50       0x20 src/CMakeFiles/SerialCmds.dir/DecoderAgent.cpp.obj
                0x10000c50                DecoderAgent::~DecoderAgent()
                0x10000c50                DecoderAgent::~DecoderAgent()
 .text._ZN12DecoderAgent3addEPc
                0x10000c70       0x30 src/CMakeFiles/SerialCmds.dir/DecoderAgent.cpp.obj
                0x10000c70                DecoderAgent::add(char*)
 .text._ZN12DecoderAgentD0Ev
                0x10000ca0       0x2c src/CMakeFiles/SerialCmds.dir/DecoderAgent.cpp.obj
                0x10000ca0                DecoderAgent::~DecoderAgent()
 .text._ZN12DecoderAgentC2EP12CounterAgent
                0x10000ccc       0x40 src/CMakeFiles/SerialCmds.dir/DecoderAgent.cpp.obj
                0x10000ccc                DecoderAgent::DecoderAgent(CounterAgent*)
                0x10000ccc                DecoderAgent::DecoderAgent(CounterAgent*)
 .text._ZN12DecoderAgent9parseLineEPc
                0x10000d0c       0x68 src/CMakeFiles/SerialCmds.dir/DecoderAgent.cpp.obj
                0x10000d0c                DecoderAgent::parseLine(char*)
 .text._ZN12DecoderAgent3runEv
                0x10000d74       0x40 src/CMakeFiles/SerialCmds.dir/DecoderAgent.cpp.obj
                0x10000d74                DecoderAgent::run()
 .text._ZN7IOAgent15getMaxStackSizeEv
                0x10000db4        0x8 src/CMakeFiles/SerialCmds.dir/IOAgent.cpp.obj
                0x10000db4                IOAgent::getMaxStackSize()
 .text._ZN7IOAgentD2Ev
                0x10000dbc       0x14 src/CMakeFiles/SerialCmds.dir/IOAgent.cpp.obj
                0x10000dbc                IOAgent::~IOAgent()
                0x10000dbc                IOAgent::~IOAgent()
 .text._ZN7IOAgentD0Ev
                0x10000dd0       0x1c src/CMakeFiles/SerialCmds.dir/IOAgent.cpp.obj
                0x10000dd0                IOAgent::~IOAgent()
 .text._ZN7IOAgentC2EP12DecoderAgenth
                0x10000dec       0x24 src/CMakeFiles/SerialCmds.dir/IOAgent.cpp.obj
                0x10000dec                IOAgent::IOAgent(DecoderAgent*, unsigned char)
                0x10000dec                IOAgent::IOAgent(DecoderAgent*, unsigned char)
 .text._ZN7IOAgent4initEv
                0x10000e10       0x68 src/CMakeFiles/SerialCmds.dir/IOAgent.cpp.obj
                0x10000e10                IOAgent::init()
 .text._ZN7IOAgent3runEv
                0x10000e78      0x1ec src/CMakeFiles/SerialCmds.dir/IOAgent.cpp.obj
                0x10000e78                IOAgent::run()
 .text.gpio_set_function
                0x10001064       0x34 src/CMakeFiles/SerialCmds.dir/C_/Users/rimur/.pico-sdk/sdk/2.2.0/src/rp2_common/hardware_gpio/gpio.c.obj
                0x10001064                gpio_set_function
 .text.gpio_init
                0x10001098       0x40 src/CMakeFiles/SerialCmds.dir/C_/Users/rimur/.pico-sdk/sdk/2.2.0/src/rp2_common/hardware_gpio/gpio.c.obj
                0x10001098                gpio_init
 .text.rp2040_chip_version
                0x100010d8        0xc src/CMakeFiles/SerialCmds.dir/C_/Users/rimur/.pico-sdk/sdk/2.2.0/src/rp2040/pico_platform/platform.c.obj
                0x100010d8                rp2040_chip_version
 .text.panic    0x100010e4       0x30 src/CMakeFiles/SerialCmds.dir/C_/Users/rimur/.pico-sdk/sdk/2.2.0/src/rp2_common/pico_platform_panic/panic.c.obj
                0x100010e4                panic
 .text.panic_unsupported
                0x10001114        0xc src/CMakeFiles/SerialCmds.dir/C_/Users/rimur/.pico-sdk/sdk/2.2.0/src/rp2_common/pico_platform_panic/panic.c.obj
                0x10001114                panic_unsupported
 .text.hw_claim_or_assert
                0x10001120       0x44 src/CMakeFiles/SerialCmds.dir/C_/Users/rimur/.pico-sdk/sdk/2.2.0/src/common/hardware_claim/claim.c.obj
                0x10001120                hw_claim_or_assert
 .text.hw_claim_unused_from_range
                0x10001164       0x88 src/CMakeFiles/SerialCmds.dir/C_/Users/rimur/.pico-sdk/sdk/2.2.0/src/common/hardware_claim/claim.c.obj
                0x10001164                hw_claim_unused_from_range
 .text.next_striped_spin_lock_num
                0x100011ec       0x18 src/CMakeFiles/SerialCmds.dir/C_/Users/rimur/.pico-sdk/sdk/2.2.0/src/rp2_common/hardware_sync/sync.c.obj
                0x100011ec                next_striped_spin_lock_num
 .text.spin_lock_claim_unused
                0x10001204       0x24 src/CMakeFiles/SerialCmds.dir/C_/Users/rimur/.pico-sdk/sdk/2.2.0/src/rp2_common/hardware_sync/sync.c.obj
                0x10001204                spin_lock_claim_unused
 .text.spin_locks_reset
                0x10001228       0x1c src/CMakeFiles/SerialCmds.dir/C_/Users/rimur/.pico-sdk/sdk/2.2.0/src/rp2_common/hardware_sync_spin_lock/sync_spin_lock.c.obj
                0x10001228                spin_locks_reset
 .text.runtime_init_per_core_irq_priorities
                0x10001244       0x24 src/CMakeFiles/SerialCmds.dir/C_/Users/rimur/.pico-sdk/sdk/2.2.0/src/rp2_common/hardware_irq/irq.c.obj
                0x10001244                runtime_init_per_core_irq_priorities
 .text.irq_set_enabled
                0x10001268       0x24 src/CMakeFiles/SerialCmds.dir/C_/Users/rimur/.pico-sdk/sdk/2.2.0/src/rp2_common/hardware_irq/irq.c.obj
                0x10001268                irq_set_enabled
 .text.irq_is_enabled
                0x1000128c       0x18 src/CMakeFiles/SerialCmds.dir/C_/Users/rimur/.pico-sdk/sdk/2.2.0/src/rp2_common/hardware_irq/irq.c.obj
                0x1000128c                irq_is_enabled
 .text.irq_set_pending
                0x100012a4       0x10 src/CMakeFiles/SerialCmds.dir/C_/Users/rimur/.pico-sdk/sdk/2.2.0/src/rp2_common/hardware_irq/irq.c.obj
                0x100012a4                irq_set_pending
 .text.irq_has_shared_handler
                0x100012b4       0x24 src/CMakeFiles/SerialCmds.dir/C_/Users/rimur/.pico-sdk/sdk/2.2.0/src/rp2_common/hardware_irq/irq.c.obj
                0x100012b4                irq_has_shared_handler
 .text.irq_set_exclusive_handler
                0x100012d8       0x54 src/CMakeFiles/SerialCmds.dir/C_/Users/rimur/.pico-sdk/sdk/2.2.0/src/rp2_common/hardware_irq/irq.c.obj
                0x100012d8                irq_set_exclusive_handler
 .text.irq_add_shared_handler
                0x1000132c      0x1f4 src/CMakeFiles/SerialCmds.dir/C_/Users/rimur/.pico-sdk/sdk/2.2.0/src/rp2_common/hardware_irq/irq.c.obj
                0x1000132c                irq_add_shared_handler
 .text.irq_add_tail_to_free_list
                0x10001520       0xb4 src/CMakeFiles/SerialCmds.dir/C_/Users/rimur/.pico-sdk/sdk/2.2.0/src/rp2_common/hardware_irq/irq.c.obj
                0x10001520                irq_add_tail_to_free_list
 .text.user_irq_claim_unused
                0x100015d4       0x2c src/CMakeFiles/SerialCmds.dir/C_/Users/rimur/.pico-sdk/sdk/2.2.0/src/rp2_common/hardware_irq/irq.c.obj
                0x100015d4                user_irq_claim_unused
 .text.lock_init
                0x10001600       0x10 src/CMakeFiles/SerialCmds.dir/C_/Users/rimur/.pico-sdk/sdk/2.2.0/src/common/pico_sync/lock_core.c.obj
                0x10001600                lock_init
 .text.runtime_init_mutex
                0x10001610       0x54 src/CMakeFiles/SerialCmds.dir/C_/Users/rimur/.pico-sdk/sdk/2.2.0/src/common/pico_sync/mutex.c.obj
                0x10001610                runtime_init_mutex
 .text.mutex_init
                0x10001664       0x1c src/CMakeFiles/SerialCmds.dir/C_/Users/rimur/.pico-sdk/sdk/2.2.0/src/common/pico_sync/mutex.c.obj
                0x10001664                mutex_init
 .text.critical_section_init
                0x10001680       0x1c src/CMakeFiles/SerialCmds.dir/C_/Users/rimur/.pico-sdk/sdk/2.2.0/src/common/pico_sync/critical_section.c.obj
                0x10001680                critical_section_init
 .text.critical_section_init_with_lock_num
                0x1000169c       0x14 src/CMakeFiles/SerialCmds.dir/C_/Users/rimur/.pico-sdk/sdk/2.2.0/src/common/pico_sync/critical_section.c.obj
                0x1000169c                critical_section_init_with_lock_num
 .text.alarm_pool_irq_handler
                0x100016b0      0x300 src/CMakeFiles/SerialCmds.dir/C_/Users/rimur/.pico-sdk/sdk/2.2.0/src/common/pico_time/time.c.obj
 .text.sleep_until_callback
                0x100019b0       0x24 src/CMakeFiles/SerialCmds.dir/C_/Users/rimur/.pico-sdk/sdk/2.2.0/src/common/pico_time/time.c.obj
 .text.runtime_init_default_alarm_pool
                0x100019d4       0xdc src/CMakeFiles/SerialCmds.dir/C_/Users/rimur/.pico-sdk/sdk/2.2.0/src/common/pico_time/time.c.obj
                0x100019d4                runtime_init_default_alarm_pool
 .text.alarm_pool_get_default
                0x10001ab0        0x8 src/CMakeFiles/SerialCmds.dir/C_/Users/rimur/.pico-sdk/sdk/2.2.0/src/common/pico_time/time.c.obj
                0x10001ab0                alarm_pool_get_default
 .text.alarm_pool_add_alarm_at
                0x10001ab8       0xd0 src/CMakeFiles/SerialCmds.dir/C_/Users/rimur/.pico-sdk/sdk/2.2.0/src/common/pico_time/time.c.obj
                0x10001ab8                alarm_pool_add_alarm_at
 .text.alarm_pool_add_alarm_at_force_in_context
                0x10001b88       0xb0 src/CMakeFiles/SerialCmds.dir/C_/Users/rimur/.pico-sdk/sdk/2.2.0/src/common/pico_time/time.c.obj
                0x10001b88                alarm_pool_add_alarm_at_force_in_context
 .text.alarm_pool_cancel_alarm
                0x10001c38       0x74 src/CMakeFiles/SerialCmds.dir/C_/Users/rimur/.pico-sdk/sdk/2.2.0/src/common/pico_time/time.c.obj
                0x10001c38                alarm_pool_cancel_alarm
 .text.alarm_pool_core_num
                0x10001cac        0x4 src/CMakeFiles/SerialCmds.dir/C_/Users/rimur/.pico-sdk/sdk/2.2.0/src/common/pico_time/time.c.obj
                0x10001cac                alarm_pool_core_num
 .text.sleep_ms
                0x10001cb0       0xf8 src/CMakeFiles/SerialCmds.dir/C_/Users/rimur/.pico-sdk/sdk/2.2.0/src/common/pico_time/time.c.obj
                0x10001cb0                sleep_ms
 .text.best_effort_wfe_or_timeout
                0x10001da8      0x10c src/CMakeFiles/SerialCmds.dir/C_/Users/rimur/.pico-sdk/sdk/2.2.0/src/common/pico_time/time.c.obj
                0x10001da8                best_effort_wfe_or_timeout
 .text.timer_hardware_alarm_claim
                0x10001eb4       0x14 src/CMakeFiles/SerialCmds.dir/C_/Users/rimur/.pico-sdk/sdk/2.2.0/src/rp2_common/hardware_timer/timer.c.obj
                0x10001eb4                timer_hardware_alarm_claim
 .text.timer_time_us_64
                0x10001ec8       0x10 src/CMakeFiles/SerialCmds.dir/C_/Users/rimur/.pico-sdk/sdk/2.2.0/src/rp2_common/hardware_timer/timer.c.obj
                0x10001ec8                timer_time_us_64
 .text.time_us_64
                0x10001ed8       0x14 src/CMakeFiles/SerialCmds.dir/C_/Users/rimur/.pico-sdk/sdk/2.2.0/src/rp2_common/hardware_timer/timer.c.obj
                0x10001ed8                time_us_64
 .text.busy_wait_us
                0x10001eec       0x68 src/CMakeFiles/SerialCmds.dir/C_/Users/rimur/.pico-sdk/sdk/2.2.0/src/rp2_common/hardware_timer/timer.c.obj
                0x10001eec                busy_wait_us
 .text.busy_wait_until
                0x10001f54       0x20 src/CMakeFiles/SerialCmds.dir/C_/Users/rimur/.pico-sdk/sdk/2.2.0/src/rp2_common/hardware_timer/timer.c.obj
                0x10001f54                busy_wait_until
 .text.uart_init
                0x10001f74      0x120 src/CMakeFiles/SerialCmds.dir/C_/Users/rimur/.pico-sdk/sdk/2.2.0/src/rp2_common/hardware_uart/uart.c.obj
                0x10001f74                uart_init
 .text.uart_set_format
                0x10002094       0x78 src/CMakeFiles/SerialCmds.dir/C_/Users/rimur/.pico-sdk/sdk/2.2.0/src/rp2_common/hardware_uart/uart.c.obj
                0x10002094                uart_set_format
 .text.uart_set_fifo_enabled
                0x1000210c       0x5c src/CMakeFiles/SerialCmds.dir/C_/Users/rimur/.pico-sdk/sdk/2.2.0/src/rp2_common/hardware_uart/uart.c.obj
                0x1000210c                uart_set_fifo_enabled
 .text.uart_is_readable_within_us
                0x10002168       0x24 src/CMakeFiles/SerialCmds.dir/C_/Users/rimur/.pico-sdk/sdk/2.2.0/src/rp2_common/hardware_uart/uart.c.obj
                0x10002168                uart_is_readable_within_us
 .text.clock_configure_int_divider
                0x1000218c       0xf4 src/CMakeFiles/SerialCmds.dir/C_/Users/rimur/.pico-sdk/sdk/2.2.0/src/rp2_common/hardware_clocks/clocks.c.obj
                0x1000218c                clock_configure_int_divider
 .text.clock_configure_undivided
                0x10002280       0xe8 src/CMakeFiles/SerialCmds.dir/C_/Users/rimur/.pico-sdk/sdk/2.2.0/src/rp2_common/hardware_clocks/clocks.c.obj
                0x10002280                clock_configure_undivided
 .text.clock_get_hz
                0x10002368        0xc src/CMakeFiles/SerialCmds.dir/C_/Users/rimur/.pico-sdk/sdk/2.2.0/src/rp2_common/hardware_clocks/clocks.c.obj
                0x10002368                clock_get_hz
 .text.pll_init
                0x10002374       0xa4 src/CMakeFiles/SerialCmds.dir/C_/Users/rimur/.pico-sdk/sdk/2.2.0/src/rp2_common/hardware_pll/pll.c.obj
                0x10002374                pll_init
 .text.watchdog_reboot
                0x10002418       0x9c src/CMakeFiles/SerialCmds.dir/C_/Users/rimur/.pico-sdk/sdk/2.2.0/src/rp2_common/hardware_watchdog/watchdog.c.obj
                0x10002418                watchdog_reboot
 .text.tick_start
                0x100024b4       0x10 src/CMakeFiles/SerialCmds.dir/C_/Users/rimur/.pico-sdk/sdk/2.2.0/src/rp2_common/hardware_ticks/ticks.c.obj
                0x100024b4                tick_start
 .text.rom_func_lookup
                0x100024c4       0x10 src/CMakeFiles/SerialCmds.dir/C_/Users/rimur/.pico-sdk/sdk/2.2.0/src/rp2_common/pico_bootrom/bootrom.c.obj
                0x100024c4                rom_func_lookup
 .text.rom_data_lookup
                0x100024d4       0x10 src/CMakeFiles/SerialCmds.dir/C_/Users/rimur/.pico-sdk/sdk/2.2.0/src/rp2_common/pico_bootrom/bootrom.c.obj
                0x100024d4                rom_data_lookup
 .text.rom_funcs_lookup
                0x100024e4       0x44 src/CMakeFiles/SerialCmds.dir/C_/Users/rimur/.pico-sdk/sdk/2.2.0/src/rp2_common/pico_bootrom/bootrom.c.obj
                0x100024e4                rom_funcs_lookup
 .text.rom_reset_usb_boot_extra
                0x10002528       0x24 src/CMakeFiles/SerialCmds.dir/C_/Users/rimur/.pico-sdk/sdk/2.2.0/src/rp2_common/pico_bootrom/bootrom.c.obj
                0x10002528                rom_reset_usb_boot_extra
 .text.xosc_init
                0x1000254c       0x28 src/CMakeFiles/SerialCmds.dir/C_/Users/rimur/.pico-sdk/sdk/2.2.0/src/rp2_common/hardware_xosc/xosc.c.obj
                0x1000254c                xosc_init
 .text.first_per_core_initializer
                0x10002574        0x4 src/CMakeFiles/SerialCmds.dir/C_/Users/rimur/.pico-sdk/sdk/2.2.0/src/rp2_common/pico_runtime/runtime.c.obj
 .text.hard_assertion_failure
                0x10002578        0xc src/CMakeFiles/SerialCmds.dir/C_/Users/rimur/.pico-sdk/sdk/2.2.0/src/rp2_common/pico_runtime/runtime.c.obj
                0x10002578                hard_assertion_failure
 .text.runtime_run_initializers
                0x10002584       0x28 src/CMakeFiles/SerialCmds.dir/C_/Users/rimur/.pico-sdk/sdk/2.2.0/src/rp2_common/pico_runtime/runtime.c.obj
                0x10002584                runtime_run_initializers
 .text.runtime_init_early_resets
                0x100025ac       0x2c src/CMakeFiles/SerialCmds.dir/C_/Users/rimur/.pico-sdk/sdk/2.2.0/src/rp2_common/pico_runtime_init/runtime_init.c.obj
                0x100025ac                runtime_init_early_resets
 .text.runtime_init_usb_power_down
                0x100025d8       0x1c src/CMakeFiles/SerialCmds.dir/C_/Users/rimur/.pico-sdk/sdk/2.2.0/src/rp2_common/pico_runtime_init/runtime_init.c.obj
                0x100025d8                runtime_init_usb_power_down
 .text.runtime_init_post_clock_resets
                0x100025f4       0x20 src/CMakeFiles/SerialCmds.dir/C_/Users/rimur/.pico-sdk/sdk/2.2.0/src/rp2_common/pico_runtime_init/runtime_init.c.obj
                0x100025f4                runtime_init_post_clock_resets
 .text.runtime_init_rp2040_gpio_ie_disable
                0x10002614       0x14 src/CMakeFiles/SerialCmds.dir/C_/Users/rimur/.pico-sdk/sdk/2.2.0/src/rp2_common/pico_runtime_init/runtime_init.c.obj
                0x10002614                runtime_init_rp2040_gpio_ie_disable
 .text.runtime_init_spin_locks_reset
                0x10002628        0x8 src/CMakeFiles/SerialCmds.dir/C_/Users/rimur/.pico-sdk/sdk/2.2.0/src/rp2_common/pico_runtime_init/runtime_init.c.obj
                0x10002628                runtime_init_spin_locks_reset
 .text.runtime_init_install_ram_vector_table
                0x10002630       0xb4 src/CMakeFiles/SerialCmds.dir/C_/Users/rimur/.pico-sdk/sdk/2.2.0/src/rp2_common/pico_runtime_init/runtime_init.c.obj
                0x10002630                runtime_init_install_ram_vector_table
 .text.runtime_init_clocks
                0x100026e4       0xd8 src/CMakeFiles/SerialCmds.dir/C_/Users/rimur/.pico-sdk/sdk/2.2.0/src/rp2_common/pico_runtime_init/runtime_init_clocks.c.obj
                0x100026e4                runtime_init_clocks
 .text          0x100027bc       0x10 src/CMakeFiles/SerialCmds.dir/C_/Users/rimur/.pico-sdk/sdk/2.2.0/src/rp2_common/pico_bit_ops/bit_ops_aeabi.S.obj
 .text.__wrap___aeabi_idiv
                0x100027cc       0x50 src/CMakeFiles/SerialCmds.dir/C_/Users/rimur/.pico-sdk/sdk/2.2.0/src/rp2_common/pico_divider/divider_hardware.S.obj
                0x100027cc                __wrap___aeabi_idivmod
                0x100027cc                divmod_s32s32
                0x100027cc                div_s32s32
                0x100027cc                __wrap___aeabi_idiv
                0x100027d4                divmod_s32s32_unsafe
                0x10002800                divmod_s32s32_savestate
 .text.__wrap___aeabi_uidiv
                0x1000281c       0x4c src/CMakeFiles/SerialCmds.dir/C_/Users/rimur/.pico-sdk/sdk/2.2.0/src/rp2_common/pico_divider/divider_hardware.S.obj
                0x1000281c                __wrap___aeabi_uidiv
                0x1000281c                __wrap___aeabi_uidivmod
                0x1000281c                div_u32u32
                0x1000281c                divmod_u32u32
                0x10002824                divmod_u32u32_unsafe
                0x1000284c                divmod_u32u32_savestate
 .text.__wrap___aeabi_ldiv
                0x10002868      0x424 src/CMakeFiles/SerialCmds.dir/C_/Users/rimur/.pico-sdk/sdk/2.2.0/src/rp2_common/pico_divider/divider_hardware.S.obj
                0x10002868                div_s64s64
                0x10002868                divmod_s64s64
                0x10002868                __wrap___aeabi_ldivmod
                0x10002898                divmod_u64u64
                0x10002898                div_u64u64
                0x10002898                __wrap___aeabi_uldivmod
                0x100028a8                divmod_u64u64_savestate
                0x100028c8                divmod_s64s64_unsafe
                0x10002950                divmod_u64u64_unsafe
 .text.__wrap___aeabi_darithmetic
                0x10002c8c       0x80 src/CMakeFiles/SerialCmds.dir/C_/Users/rimur/.pico-sdk/sdk/2.2.0/src/rp2_common/pico_double/double_aeabi_rp2040.S.obj
                0x10002c8c                __wrap___aeabi_drsub
                0x10002c92                __wrap___aeabi_dsub
                0x10002ca4                __wrap___aeabi_dadd
                0x10002cb6                __wrap___aeabi_ddiv
                0x10002cf2                __wrap___aeabi_dmul
 .text.__wrap___aeabi_cdcmple
                0x10002d0c       0x6c src/CMakeFiles/SerialCmds.dir/C_/Users/rimur/.pico-sdk/sdk/2.2.0/src/rp2_common/pico_double/double_aeabi_rp2040.S.obj
                0x10002d0c                __wrap___aeabi_cdrcmple
                0x10002d1c                __wrap___aeabi_cdcmpeq
                0x10002d1c                __wrap___aeabi_cdcmple
 .text.__wrap___aeabi_dcmplt
                0x10002d78        0xc src/CMakeFiles/SerialCmds.dir/C_/Users/rimur/.pico-sdk/sdk/2.2.0/src/rp2_common/pico_double/double_aeabi_rp2040.S.obj
                0x10002d78                __wrap___aeabi_dcmplt
 .text.__wrap___aeabi_dcmple
                0x10002d84       0x10 src/CMakeFiles/SerialCmds.dir/C_/Users/rimur/.pico-sdk/sdk/2.2.0/src/rp2_common/pico_double/double_aeabi_rp2040.S.obj
                0x10002d84                __wrap___aeabi_dcmple
 .text.__wrap___aeabi_dcmpge
                0x10002d94       0x10 src/CMakeFiles/SerialCmds.dir/C_/Users/rimur/.pico-sdk/sdk/2.2.0/src/rp2_common/pico_double/double_aeabi_rp2040.S.obj
                0x10002d94                __wrap___aeabi_dcmpge
 .text.__wrap___aeabi_dcmpgt
                0x10002da4        0xa src/CMakeFiles/SerialCmds.dir/C_/Users/rimur/.pico-sdk/sdk/2.2.0/src/rp2_common/pico_double/double_aeabi_rp2040.S.obj
                0x10002da4                __wrap___aeabi_dcmpgt
 .text.__wrap___aeabi_dcmpun
                0x10002dae       0x18 src/CMakeFiles/SerialCmds.dir/C_/Users/rimur/.pico-sdk/sdk/2.2.0/src/rp2_common/pico_double/double_aeabi_rp2040.S.obj
                0x10002dae                __wrap___aeabi_dcmpun
 *fill*         0x10002dc6        0x2 
 .text.__wrap___aeabi_i2d
                0x10002dc8       0x38 src/CMakeFiles/SerialCmds.dir/C_/Users/rimur/.pico-sdk/sdk/2.2.0/src/rp2_common/pico_double/double_aeabi_rp2040.S.obj
                0x10002dc8                uint2double
                0x10002dc8                __wrap___aeabi_ui2d
                0x10002dd0                int2double
                0x10002dd0                __wrap___aeabi_i2d
 .text.__wrap___aeabi_d2iz
                0x10002e00       0x48 src/CMakeFiles/SerialCmds.dir/C_/Users/rimur/.pico-sdk/sdk/2.2.0/src/rp2_common/pico_double/double_aeabi_rp2040.S.obj
                0x10002e00                double2int_z
                0x10002e00                __wrap___aeabi_d2iz
 .text.__wrap___aeabi_d2uiz
                0x10002e48       0x18 src/CMakeFiles/SerialCmds.dir/C_/Users/rimur/.pico-sdk/sdk/2.2.0/src/rp2_common/pico_double/double_aeabi_rp2040.S.obj
                0x10002e48                double2uint
                0x10002e48                __wrap___aeabi_d2uiz
                0x10002e48                double2uint_z
 .text.__aeabi_double_init
                0x10002e60       0xa4 src/CMakeFiles/SerialCmds.dir/C_/Users/rimur/.pico-sdk/sdk/2.2.0/src/rp2_common/pico_double/double_init_rom_rp2040.c.obj
                0x10002e60                __aeabi_double_init
 .text.double_table_shim_on_use_helper
                0x10002f04       0x2c src/CMakeFiles/SerialCmds.dir/C_/Users/rimur/.pico-sdk/sdk/2.2.0/src/rp2_common/pico_double/double_v1_rom_shim_rp2040.S.obj
                0x10002f04                double_table_shim_on_use_helper
 .text.__wrap___aeabi_dsub
                0x10002f30       0x10 src/CMakeFiles/SerialCmds.dir/C_/Users/rimur/.pico-sdk/sdk/2.2.0/src/rp2_common/pico_double/double_v1_rom_shim_rp2040.S.obj
                0x10002f30                drsub_shim
                0x10002f36                dsub_shim
 .text.dadd_shim
                0x10002f40      0x15c src/CMakeFiles/SerialCmds.dir/C_/Users/rimur/.pico-sdk/sdk/2.2.0/src/rp2_common/pico_double/double_v1_rom_shim_rp2040.S.obj
                0x10002f40                dadd_shim
 .text.dmul_shim
                0x1000309c      0x15c src/CMakeFiles/SerialCmds.dir/C_/Users/rimur/.pico-sdk/sdk/2.2.0/src/rp2_common/pico_double/double_v1_rom_shim_rp2040.S.obj
                0x1000309c                dmul_shim
 .text.ddiv_shim
                0x100031f8      0x1b0 src/CMakeFiles/SerialCmds.dir/C_/Users/rimur/.pico-sdk/sdk/2.2.0/src/rp2_common/pico_double/double_v1_rom_shim_rp2040.S.obj
                0x100031f8                ddiv_shim
 .text.double2uint_shim
                0x100033a8        0xe src/CMakeFiles/SerialCmds.dir/C_/Users/rimur/.pico-sdk/sdk/2.2.0/src/rp2_common/pico_double/double_v1_rom_shim_rp2040.S.obj
                0x100033a8                double2uint_shim
                0x100033aa                double2ufix_shim
 *fill*         0x100033b6        0x2 
 .text.double2uint64_shim
                0x100033b8       0x70 src/CMakeFiles/SerialCmds.dir/C_/Users/rimur/.pico-sdk/sdk/2.2.0/src/rp2_common/pico_double/double_v1_rom_shim_rp2040.S.obj
                0x100033b8                double2uint64_shim
                0x100033ba                double2ufix64_shim
                0x100033da                d2fix_a
 .text.dunpacks
                0x10003428       0x3c src/CMakeFiles/SerialCmds.dir/C_/Users/rimur/.pico-sdk/sdk/2.2.0/src/rp2_common/pico_double/double_v1_rom_shim_rp2040.S.obj
                0x10003428                dunpacks
 .text.__aeabi_lmul
                0x10003464       0x32 src/CMakeFiles/SerialCmds.dir/C_/Users/rimur/.pico-sdk/sdk/2.2.0/src/rp2_common/pico_int64_ops/pico_int64_ops_aeabi.S.obj
                0x10003464                __wrap___aeabi_lmul
 *fill*         0x10003496        0x2 
 .text.__aeabi_float_init
                0x10003498       0x64 src/CMakeFiles/SerialCmds.dir/C_/Users/rimur/.pico-sdk/sdk/2.2.0/src/rp2_common/pico_float/float_init_rom_rp2040.c.obj
                0x10003498                __aeabi_float_init
 .text.float_table_shim_on_use_helper
                0x100034fc       0x2c src/CMakeFiles/SerialCmds.dir/C_/Users/rimur/.pico-sdk/sdk/2.2.0/src/rp2_common/pico_float/float_v1_rom_shim_rp2040.S.obj
                0x100034fc                float_table_shim_on_use_helper
 .text.__wrap_free
                0x10003528       0x20 src/CMakeFiles/SerialCmds.dir/C_/Users/rimur/.pico-sdk/sdk/2.2.0/src/rp2_common/pico_malloc/malloc.c.obj
                0x10003528                __wrap_free
 .text          0x10003548       0x10 src/CMakeFiles/SerialCmds.dir/C_/Users/rimur/.pico-sdk/sdk/2.2.0/src/rp2_common/pico_mem_ops/mem_ops_aeabi.S.obj
                0x10003548                __aeabi_mem_init
 .text.memset   0x10003558        0xc src/CMakeFiles/SerialCmds.dir/C_/Users/rimur/.pico-sdk/sdk/2.2.0/src/rp2_common/pico_mem_ops/mem_ops_aeabi.S.obj
                0x10003558                __wrap_memset
 .text.memcpy   0x10003564        0xc src/CMakeFiles/SerialCmds.dir/C_/Users/rimur/.pico-sdk/sdk/2.2.0/src/rp2_common/pico_mem_ops/mem_ops_aeabi.S.obj
                0x10003564                __wrap_memcpy
                0x10003564                __wrap___aeabi_memcpy
 .text._ZdlPvj  0x10003570        0x8 src/CMakeFiles/SerialCmds.dir/C_/Users/rimur/.pico-sdk/sdk/2.2.0/src/rp2_common/pico_cxx_options/new_delete.cpp.obj
                0x10003570                operator delete(void*, unsigned int)
 .text._out_buffer
                0x10003578        0x8 src/CMakeFiles/SerialCmds.dir/C_/Users/rimur/.pico-sdk/sdk/2.2.0/src/rp2_common/pico_printf/printf.c.obj
 .text._out_null
                0x10003580        0x4 src/CMakeFiles/SerialCmds.dir/C_/Users/rimur/.pico-sdk/sdk/2.2.0/src/rp2_common/pico_printf/printf.c.obj
 .text._out_rev
                0x10003584       0xac src/CMakeFiles/SerialCmds.dir/C_/Users/rimur/.pico-sdk/sdk/2.2.0/src/rp2_common/pico_printf/printf.c.obj
 .text._ntoa_format
                0x10003630      0x1cc src/CMakeFiles/SerialCmds.dir/C_/Users/rimur/.pico-sdk/sdk/2.2.0/src/rp2_common/pico_printf/printf.c.obj
 .text._out_char
                0x100037fc       0x10 src/CMakeFiles/SerialCmds.dir/C_/Users/rimur/.pico-sdk/sdk/2.2.0/src/rp2_common/pico_printf/printf.c.obj
 .text._out_fct
                0x1000380c       0x10 src/CMakeFiles/SerialCmds.dir/C_/Users/rimur/.pico-sdk/sdk/2.2.0/src/rp2_common/pico_printf/printf.c.obj
 .text._ftoa    0x1000381c      0x4a8 src/CMakeFiles/SerialCmds.dir/C_/Users/rimur/.pico-sdk/sdk/2.2.0/src/rp2_common/pico_printf/printf.c.obj
 .text._etoa    0x10003cc4      0x57c src/CMakeFiles/SerialCmds.dir/C_/Users/rimur/.pico-sdk/sdk/2.2.0/src/rp2_common/pico_printf/printf.c.obj
 .text._vsnprintf
                0x10004240      0xbe0 src/CMakeFiles/SerialCmds.dir/C_/Users/rimur/.pico-sdk/sdk/2.2.0/src/rp2_common/pico_printf/printf.c.obj
 .text.__wrap_sprintf
                0x10004e20       0x2c src/CMakeFiles/SerialCmds.dir/C_/Users/rimur/.pico-sdk/sdk/2.2.0/src/rp2_common/pico_printf/printf.c.obj
                0x10004e20                __wrap_sprintf
 .text.vfctprintf
                0x10004e4c       0x24 src/CMakeFiles/SerialCmds.dir/C_/Users/rimur/.pico-sdk/sdk/2.2.0/src/rp2_common/pico_printf/printf.c.obj
                0x10004e4c                vfctprintf
 .text.weak_raw_vprintf
                0x10004e70       0x30 src/CMakeFiles/SerialCmds.dir/C_/Users/rimur/.pico-sdk/sdk/2.2.0/src/rp2_common/pico_printf/printf.c.obj
                0x10004e70                weak_raw_vprintf
 .text._exit    0x10004ea0        0x4 src/CMakeFiles/SerialCmds.dir/C_/Users/rimur/.pico-sdk/sdk/2.2.0/src/rp2_common/pico_clib_interface/newlib_interface.c.obj
                0x10004ea0                _exit
 .text._sbrk    0x10004ea4       0x34 src/CMakeFiles/SerialCmds.dir/C_/Users/rimur/.pico-sdk/sdk/2.2.0/src/rp2_common/pico_clib_interface/newlib_interface.c.obj
                0x10004ea4                _sbrk
 .text.exit     0x10004ed8        0x8 src/CMakeFiles/SerialCmds.dir/C_/Users/rimur/.pico-sdk/sdk/2.2.0/src/rp2_common/pico_clib_interface/newlib_interface.c.obj
                0x10004ed8                exit
 .text.runtime_init
                0x10004ee0       0x2c src/CMakeFiles/SerialCmds.dir/C_/Users/rimur/.pico-sdk/sdk/2.2.0/src/rp2_common/pico_clib_interface/newlib_interface.c.obj
                0x10004ee0                runtime_init
 .text.stdio_out_chars_no_crlf
                0x10004f0c       0x10 src/CMakeFiles/SerialCmds.dir/C_/Users/rimur/.pico-sdk/sdk/2.2.0/src/rp2_common/pico_stdio/stdio.c.obj
 .text.stdio_out_chars_crlf
                0x10004f1c       0xb0 src/CMakeFiles/SerialCmds.dir/C_/Users/rimur/.pico-sdk/sdk/2.2.0/src/rp2_common/pico_stdio/stdio.c.obj
 .text.stdio_buffered_printer
                0x10004fcc       0x64 src/CMakeFiles/SerialCmds.dir/C_/Users/rimur/.pico-sdk/sdk/2.2.0/src/rp2_common/pico_stdio/stdio.c.obj
 .text.stdio_put_string
                0x10005030       0xfc src/CMakeFiles/SerialCmds.dir/C_/Users/rimur/.pico-sdk/sdk/2.2.0/src/rp2_common/pico_stdio/stdio.c.obj
                0x10005030                stdio_put_string
 .text.stdio_set_driver_enabled
                0x1000512c       0x30 src/CMakeFiles/SerialCmds.dir/C_/Users/rimur/.pico-sdk/sdk/2.2.0/src/rp2_common/pico_stdio/stdio.c.obj
                0x1000512c                stdio_set_driver_enabled
 .text.stdio_init_all
                0x1000515c        0x8 src/CMakeFiles/SerialCmds.dir/C_/Users/rimur/.pico-sdk/sdk/2.2.0/src/rp2_common/pico_stdio/stdio.c.obj
                0x1000515c                stdio_init_all
 .text.__wrap_putchar
                0x10005164       0x94 src/CMakeFiles/SerialCmds.dir/C_/Users/rimur/.pico-sdk/sdk/2.2.0/src/rp2_common/pico_stdio/stdio.c.obj
                0x10005164                __wrap_putchar
                0x10005164                stdio_putchar
 .text.__wrap_puts
                0x100051f8       0x3c src/CMakeFiles/SerialCmds.dir/C_/Users/rimur/.pico-sdk/sdk/2.2.0/src/rp2_common/pico_stdio/stdio.c.obj
                0x100051f8                stdio_puts
                0x100051f8                __wrap_puts
 .text.__wrap_vprintf
                0x10005234       0xcc src/CMakeFiles/SerialCmds.dir/C_/Users/rimur/.pico-sdk/sdk/2.2.0/src/rp2_common/pico_stdio/stdio.c.obj
                0x10005234                stdio_vprintf
                0x10005234                __wrap_vprintf
 .text.__wrap_printf
                0x10005300       0x18 src/CMakeFiles/SerialCmds.dir/C_/Users/rimur/.pico-sdk/sdk/2.2.0/src/rp2_common/pico_stdio/stdio.c.obj
                0x10005300                __wrap_printf
                0x10005300                stdio_printf
 .text.resetd_init
                0x10005318        0x4 src/CMakeFiles/SerialCmds.dir/C_/Users/rimur/.pico-sdk/sdk/2.2.0/src/rp2_common/pico_stdio_usb/reset_interface.c.obj
 .text.resetd_reset
                0x1000531c        0xc src/CMakeFiles/SerialCmds.dir/C_/Users/rimur/.pico-sdk/sdk/2.2.0/src/rp2_common/pico_stdio_usb/reset_interface.c.obj
 .text.resetd_open
                0x10005328       0x28 src/CMakeFiles/SerialCmds.dir/C_/Users/rimur/.pico-sdk/sdk/2.2.0/src/rp2_common/pico_stdio_usb/reset_interface.c.obj
 .text.resetd_xfer_cb
                0x10005350        0x4 src/CMakeFiles/SerialCmds.dir/C_/Users/rimur/.pico-sdk/sdk/2.2.0/src/rp2_common/pico_stdio_usb/reset_interface.c.obj
 .text.resetd_control_xfer_cb
                0x10005354       0x54 src/CMakeFiles/SerialCmds.dir/C_/Users/rimur/.pico-sdk/sdk/2.2.0/src/rp2_common/pico_stdio_usb/reset_interface.c.obj
 .text.tud_descriptor_bos_cb
                0x100053a8        0x8 src/CMakeFiles/SerialCmds.dir/C_/Users/rimur/.pico-sdk/sdk/2.2.0/src/rp2_common/pico_stdio_usb/reset_interface.c.obj
                0x100053a8                tud_descriptor_bos_cb
 .text.tud_vendor_control_xfer_cb
                0x100053b0       0x34 src/CMakeFiles/SerialCmds.dir/C_/Users/rimur/.pico-sdk/sdk/2.2.0/src/rp2_common/pico_stdio_usb/reset_interface.c.obj
                0x100053b0                tud_vendor_control_xfer_cb
 .text.usbd_app_driver_get_cb
                0x100053e4        0xc src/CMakeFiles/SerialCmds.dir/C_/Users/rimur/.pico-sdk/sdk/2.2.0/src/rp2_common/pico_stdio_usb/reset_interface.c.obj
                0x100053e4                usbd_app_driver_get_cb
 .text.tud_cdc_line_coding_cb
                0x100053f0       0x2c src/CMakeFiles/SerialCmds.dir/C_/Users/rimur/.pico-sdk/sdk/2.2.0/src/rp2_common/pico_stdio_usb/reset_interface.c.obj
                0x100053f0                tud_cdc_line_coding_cb
 .text.stdio_usb_set_chars_available_callback
                0x1000541c       0x14 src/CMakeFiles/SerialCmds.dir/C_/Users/rimur/.pico-sdk/sdk/2.2.0/src/rp2_common/pico_stdio_usb/stdio_usb.c.obj
                0x1000541c                stdio_usb_set_chars_available_callback
 .text.usb_irq  0x10005430       0x10 src/CMakeFiles/SerialCmds.dir/C_/Users/rimur/.pico-sdk/sdk/2.2.0/src/rp2_common/pico_stdio_usb/stdio_usb.c.obj
 .text.timer_task
                0x10005440       0x64 src/CMakeFiles/SerialCmds.dir/C_/Users/rimur/.pico-sdk/sdk/2.2.0/src/rp2_common/pico_stdio_usb/stdio_usb.c.obj
 .text.stdio_usb_in_chars
                0x100054a4       0x8c src/CMakeFiles/SerialCmds.dir/C_/Users/rimur/.pico-sdk/sdk/2.2.0/src/rp2_common/pico_stdio_usb/stdio_usb.c.obj
                0x100054a4                stdio_usb_in_chars
 .text.stdio_usb_out_flush
                0x10005530       0x4c src/CMakeFiles/SerialCmds.dir/C_/Users/rimur/.pico-sdk/sdk/2.2.0/src/rp2_common/pico_stdio_usb/stdio_usb.c.obj
 .text.stdio_usb_out_chars
                0x1000557c      0x100 src/CMakeFiles/SerialCmds.dir/C_/Users/rimur/.pico-sdk/sdk/2.2.0/src/rp2_common/pico_stdio_usb/stdio_usb.c.obj
 .text.low_priority_worker_irq
                0x1000567c       0xc8 src/CMakeFiles/SerialCmds.dir/C_/Users/rimur/.pico-sdk/sdk/2.2.0/src/rp2_common/pico_stdio_usb/stdio_usb.c.obj
 .text.stdio_usb_init
                0x10005744       0xe8 src/CMakeFiles/SerialCmds.dir/C_/Users/rimur/.pico-sdk/sdk/2.2.0/src/rp2_common/pico_stdio_usb/stdio_usb.c.obj
                0x10005744                stdio_usb_init
 .text.tud_descriptor_device_cb
                0x1000582c        0x8 src/CMakeFiles/SerialCmds.dir/C_/Users/rimur/.pico-sdk/sdk/2.2.0/src/rp2_common/pico_stdio_usb/stdio_usb_descriptors.c.obj
                0x1000582c                tud_descriptor_device_cb
 .text.tud_descriptor_configuration_cb
                0x10005834        0x8 src/CMakeFiles/SerialCmds.dir/C_/Users/rimur/.pico-sdk/sdk/2.2.0/src/rp2_common/pico_stdio_usb/stdio_usb_descriptors.c.obj
                0x10005834                tud_descriptor_configuration_cb
 .text.tud_descriptor_string_cb
                0x1000583c       0x78 src/CMakeFiles/SerialCmds.dir/C_/Users/rimur/.pico-sdk/sdk/2.2.0/src/rp2_common/pico_stdio_usb/stdio_usb_descriptors.c.obj
                0x1000583c                tud_descriptor_string_cb
 .text.startup._retrieve_unique_id_on_boot
                0x100058b4       0x10 src/CMakeFiles/SerialCmds.dir/C_/Users/rimur/.pico-sdk/sdk/2.2.0/src/rp2_common/pico_unique_id/unique_id.c.obj
 .text.pico_get_unique_board_id_string
                0x100058c4      0x1a8 src/CMakeFiles/SerialCmds.dir/C_/Users/rimur/.pico-sdk/sdk/2.2.0/src/rp2_common/pico_unique_id/unique_id.c.obj
                0x100058c4                pico_get_unique_board_id_string
 .text.flash_get_unique_id
                0x10005a6c       0x3c src/CMakeFiles/SerialCmds.dir/C_/Users/rimur/.pico-sdk/sdk/2.2.0/src/rp2_common/hardware_flash/flash.c.obj
                0x10005a6c                flash_get_unique_id
 .text.dcd_init
                0x10005aa8       0x90 src/CMakeFiles/SerialCmds.dir/C_/Users/rimur/.pico-sdk/sdk/2.2.0/lib/tinyusb/src/portable/raspberrypi/rp2040/dcd_rp2040.c.obj
                0x10005aa8                dcd_init
 .text.dcd_int_enable
                0x10005b38        0xc src/CMakeFiles/SerialCmds.dir/C_/Users/rimur/.pico-sdk/sdk/2.2.0/lib/tinyusb/src/portable/raspberrypi/rp2040/dcd_rp2040.c.obj
                0x10005b38                dcd_int_enable
 .text.dcd_set_address
                0x10005b44       0x14 src/CMakeFiles/SerialCmds.dir/C_/Users/rimur/.pico-sdk/sdk/2.2.0/lib/tinyusb/src/portable/raspberrypi/rp2040/dcd_rp2040.c.obj
                0x10005b44                dcd_set_address
 .text.dcd_sof_enable
                0x10005b58       0x1c src/CMakeFiles/SerialCmds.dir/C_/Users/rimur/.pico-sdk/sdk/2.2.0/lib/tinyusb/src/portable/raspberrypi/rp2040/dcd_rp2040.c.obj
                0x10005b58                dcd_sof_enable
 .text.dcd_edpt0_status_complete
                0x10005b74       0x1c src/CMakeFiles/SerialCmds.dir/C_/Users/rimur/.pico-sdk/sdk/2.2.0/lib/tinyusb/src/portable/raspberrypi/rp2040/dcd_rp2040.c.obj
                0x10005b74                dcd_edpt0_status_complete
 .text.dcd_edpt_open
                0x10005b90      0x114 src/CMakeFiles/SerialCmds.dir/C_/Users/rimur/.pico-sdk/sdk/2.2.0/lib/tinyusb/src/portable/raspberrypi/rp2040/dcd_rp2040.c.obj
                0x10005b90                dcd_edpt_open
 .text.dcd_edpt_close_all
                0x10005ca4        0x8 src/CMakeFiles/SerialCmds.dir/C_/Users/rimur/.pico-sdk/sdk/2.2.0/lib/tinyusb/src/portable/raspberrypi/rp2040/dcd_rp2040.c.obj
                0x10005ca4                dcd_edpt_close_all
 .text.dcd_edpt_xfer
                0x10005cac       0x24 src/CMakeFiles/SerialCmds.dir/C_/Users/rimur/.pico-sdk/sdk/2.2.0/lib/tinyusb/src/portable/raspberrypi/rp2040/dcd_rp2040.c.obj
                0x10005cac                dcd_edpt_xfer
 .text.dcd_edpt_stall
                0x10005cd0       0x3c src/CMakeFiles/SerialCmds.dir/C_/Users/rimur/.pico-sdk/sdk/2.2.0/lib/tinyusb/src/portable/raspberrypi/rp2040/dcd_rp2040.c.obj
                0x10005cd0                dcd_edpt_stall
 .text.dcd_edpt_clear_stall
                0x10005d0c       0x30 src/CMakeFiles/SerialCmds.dir/C_/Users/rimur/.pico-sdk/sdk/2.2.0/lib/tinyusb/src/portable/raspberrypi/rp2040/dcd_rp2040.c.obj
                0x10005d0c                dcd_edpt_clear_stall
 .text.rp2040_usb_init
                0x10005d3c       0x40 src/CMakeFiles/SerialCmds.dir/C_/Users/rimur/.pico-sdk/sdk/2.2.0/lib/tinyusb/src/portable/raspberrypi/rp2040/rp2040_usb.c.obj
                0x10005d3c                rp2040_usb_init
 .text.hw_endpoint_xfer_start
                0x10005d7c       0x40 src/CMakeFiles/SerialCmds.dir/C_/Users/rimur/.pico-sdk/sdk/2.2.0/lib/tinyusb/src/portable/raspberrypi/rp2040/rp2040_usb.c.obj
                0x10005d7c                hw_endpoint_xfer_start
 .text.tud_event_hook_cb
                0x10005dbc        0x4 src/CMakeFiles/SerialCmds.dir/C_/Users/rimur/.pico-sdk/sdk/2.2.0/lib/tinyusb/src/device/usbd.c.obj
                0x10005dbc                tud_event_hook_cb
 .text.tud_sof_cb
                0x10005dc0        0x4 src/CMakeFiles/SerialCmds.dir/C_/Users/rimur/.pico-sdk/sdk/2.2.0/lib/tinyusb/src/device/usbd.c.obj
                0x10005dc0                tud_sof_cb
 .text.tud_descriptor_device_qualifier_cb
                0x10005dc4        0x4 src/CMakeFiles/SerialCmds.dir/C_/Users/rimur/.pico-sdk/sdk/2.2.0/lib/tinyusb/src/device/usbd.c.obj
                0x10005dc4                tud_descriptor_device_qualifier_cb
 .text.tud_descriptor_other_speed_configuration_cb
                0x10005dc8        0x4 src/CMakeFiles/SerialCmds.dir/C_/Users/rimur/.pico-sdk/sdk/2.2.0/lib/tinyusb/src/device/usbd.c.obj
                0x10005dc8                tud_descriptor_other_speed_configuration_cb
 .text.tud_mount_cb
                0x10005dcc        0x4 src/CMakeFiles/SerialCmds.dir/C_/Users/rimur/.pico-sdk/sdk/2.2.0/lib/tinyusb/src/device/usbd.c.obj
                0x10005dcc                tud_mount_cb
 .text.tud_umount_cb
                0x10005dd0        0x4 src/CMakeFiles/SerialCmds.dir/C_/Users/rimur/.pico-sdk/sdk/2.2.0/lib/tinyusb/src/device/usbd.c.obj
                0x10005dd0                tud_umount_cb
 .text.tud_suspend_cb
                0x10005dd4        0x4 src/CMakeFiles/SerialCmds.dir/C_/Users/rimur/.pico-sdk/sdk/2.2.0/lib/tinyusb/src/device/usbd.c.obj
                0x10005dd4                tud_suspend_cb
 .text.tud_resume_cb
                0x10005dd8        0x4 src/CMakeFiles/SerialCmds.dir/C_/Users/rimur/.pico-sdk/sdk/2.2.0/lib/tinyusb/src/device/usbd.c.obj
                0x10005dd8                tud_resume_cb
 .text.tud_mounted
                0x10005ddc       0x10 src/CMakeFiles/SerialCmds.dir/C_/Users/rimur/.pico-sdk/sdk/2.2.0/lib/tinyusb/src/device/usbd.c.obj
                0x10005ddc                tud_mounted
 .text.tud_suspended
                0x10005dec       0x10 src/CMakeFiles/SerialCmds.dir/C_/Users/rimur/.pico-sdk/sdk/2.2.0/lib/tinyusb/src/device/usbd.c.obj
                0x10005dec                tud_suspended
 .text.tud_rhport_init
                0x10005dfc       0xf4 src/CMakeFiles/SerialCmds.dir/C_/Users/rimur/.pico-sdk/sdk/2.2.0/lib/tinyusb/src/device/usbd.c.obj
                0x10005dfc                tud_rhport_init
 .text.tud_task_ext
                0x10005ef0      0x800 src/CMakeFiles/SerialCmds.dir/C_/Users/rimur/.pico-sdk/sdk/2.2.0/lib/tinyusb/src/device/usbd.c.obj
                0x10005ef0                tud_task_ext
 .text.usbd_open_edpt_pair
                0x100066f0       0x9c src/CMakeFiles/SerialCmds.dir/C_/Users/rimur/.pico-sdk/sdk/2.2.0/lib/tinyusb/src/device/usbd.c.obj
                0x100066f0                usbd_open_edpt_pair
 .text.usbd_edpt_open
                0x1000678c       0x34 src/CMakeFiles/SerialCmds.dir/C_/Users/rimur/.pico-sdk/sdk/2.2.0/lib/tinyusb/src/device/usbd.c.obj
                0x1000678c                usbd_edpt_open
 .text.usbd_edpt_claim
                0x100067c0       0x28 src/CMakeFiles/SerialCmds.dir/C_/Users/rimur/.pico-sdk/sdk/2.2.0/lib/tinyusb/src/device/usbd.c.obj
                0x100067c0                usbd_edpt_claim
 .text.usbd_edpt_release
                0x100067e8       0x28 src/CMakeFiles/SerialCmds.dir/C_/Users/rimur/.pico-sdk/sdk/2.2.0/lib/tinyusb/src/device/usbd.c.obj
                0x100067e8                usbd_edpt_release
 .text.usbd_edpt_xfer
                0x10006810       0x4c src/CMakeFiles/SerialCmds.dir/C_/Users/rimur/.pico-sdk/sdk/2.2.0/lib/tinyusb/src/device/usbd.c.obj
                0x10006810                usbd_edpt_xfer
 .text.tud_control_status
                0x1000685c       0x2c src/CMakeFiles/SerialCmds.dir/C_/Users/rimur/.pico-sdk/sdk/2.2.0/lib/tinyusb/src/device/usbd_control.c.obj
                0x1000685c                tud_control_status
 .text.tud_control_xfer
                0x10006888       0xa8 src/CMakeFiles/SerialCmds.dir/C_/Users/rimur/.pico-sdk/sdk/2.2.0/lib/tinyusb/src/device/usbd_control.c.obj
                0x10006888                tud_control_xfer
 .text.usbd_control_reset
                0x10006930       0x14 src/CMakeFiles/SerialCmds.dir/C_/Users/rimur/.pico-sdk/sdk/2.2.0/lib/tinyusb/src/device/usbd_control.c.obj
                0x10006930                usbd_control_reset
 .text.usbd_control_set_complete_callback
                0x10006944        0xc src/CMakeFiles/SerialCmds.dir/C_/Users/rimur/.pico-sdk/sdk/2.2.0/lib/tinyusb/src/device/usbd_control.c.obj
                0x10006944                usbd_control_set_complete_callback
 .text.usbd_control_set_request
                0x10006950       0x1c src/CMakeFiles/SerialCmds.dir/C_/Users/rimur/.pico-sdk/sdk/2.2.0/lib/tinyusb/src/device/usbd_control.c.obj
                0x10006950                usbd_control_set_request
 .text.usbd_control_xfer_cb
                0x1000696c       0xec src/CMakeFiles/SerialCmds.dir/C_/Users/rimur/.pico-sdk/sdk/2.2.0/lib/tinyusb/src/device/usbd_control.c.obj
                0x1000696c                usbd_control_xfer_cb
 .text._prep_out_transaction.isra.0
                0x10006a58       0x6c src/CMakeFiles/SerialCmds.dir/C_/Users/rimur/.pico-sdk/sdk/2.2.0/lib/tinyusb/src/class/cdc/cdc_device.c.obj
 .text.tud_cdc_n_connected
                0x10006ac4       0x2c src/CMakeFiles/SerialCmds.dir/C_/Users/rimur/.pico-sdk/sdk/2.2.0/lib/tinyusb/src/class/cdc/cdc_device.c.obj
                0x10006ac4                tud_cdc_n_connected
 .text.tud_cdc_n_available
                0x10006af0       0x14 src/CMakeFiles/SerialCmds.dir/C_/Users/rimur/.pico-sdk/sdk/2.2.0/lib/tinyusb/src/class/cdc/cdc_device.c.obj
                0x10006af0                tud_cdc_n_available
 .text.tud_cdc_n_read
                0x10006b04       0x88 src/CMakeFiles/SerialCmds.dir/C_/Users/rimur/.pico-sdk/sdk/2.2.0/lib/tinyusb/src/class/cdc/cdc_device.c.obj
                0x10006b04                tud_cdc_n_read
 .text.tud_cdc_n_write_flush
                0x10006b8c       0x74 src/CMakeFiles/SerialCmds.dir/C_/Users/rimur/.pico-sdk/sdk/2.2.0/lib/tinyusb/src/class/cdc/cdc_device.c.obj
                0x10006b8c                tud_cdc_n_write_flush
 .text.tud_cdc_n_write
                0x10006c00       0x40 src/CMakeFiles/SerialCmds.dir/C_/Users/rimur/.pico-sdk/sdk/2.2.0/lib/tinyusb/src/class/cdc/cdc_device.c.obj
                0x10006c00                tud_cdc_n_write
 .text.tud_cdc_n_write_available
                0x10006c40       0x14 src/CMakeFiles/SerialCmds.dir/C_/Users/rimur/.pico-sdk/sdk/2.2.0/lib/tinyusb/src/class/cdc/cdc_device.c.obj
                0x10006c40                tud_cdc_n_write_available
 .text.cdcd_init
                0x10006c54       0x70 src/CMakeFiles/SerialCmds.dir/C_/Users/rimur/.pico-sdk/sdk/2.2.0/lib/tinyusb/src/class/cdc/cdc_device.c.obj
                0x10006c54                cdcd_init
 .text.cdcd_deinit
                0x10006cc4       0x30 src/CMakeFiles/SerialCmds.dir/C_/Users/rimur/.pico-sdk/sdk/2.2.0/lib/tinyusb/src/class/cdc/cdc_device.c.obj
                0x10006cc4                cdcd_deinit
 .text.cdcd_reset
                0x10006cf4       0x4c src/CMakeFiles/SerialCmds.dir/C_/Users/rimur/.pico-sdk/sdk/2.2.0/lib/tinyusb/src/class/cdc/cdc_device.c.obj
                0x10006cf4                cdcd_reset
 .text.cdcd_open
                0x10006d40       0xa4 src/CMakeFiles/SerialCmds.dir/C_/Users/rimur/.pico-sdk/sdk/2.2.0/lib/tinyusb/src/class/cdc/cdc_device.c.obj
                0x10006d40                cdcd_open
 .text.cdcd_control_xfer_cb
                0x10006de4       0xe8 src/CMakeFiles/SerialCmds.dir/C_/Users/rimur/.pico-sdk/sdk/2.2.0/lib/tinyusb/src/class/cdc/cdc_device.c.obj
                0x10006de4                cdcd_control_xfer_cb
 .text.cdcd_xfer_cb
                0x10006ecc      0x100 src/CMakeFiles/SerialCmds.dir/C_/Users/rimur/.pico-sdk/sdk/2.2.0/lib/tinyusb/src/class/cdc/cdc_device.c.obj
                0x10006ecc                cdcd_xfer_cb
 .text.vendord_init
                0x10006fcc       0x5c src/CMakeFiles/SerialCmds.dir/C_/Users/rimur/.pico-sdk/sdk/2.2.0/lib/tinyusb/src/class/vendor/vendor_device.c.obj
                0x10006fcc                vendord_init
 .text.vendord_deinit
                0x10007028       0x1c src/CMakeFiles/SerialCmds.dir/C_/Users/rimur/.pico-sdk/sdk/2.2.0/lib/tinyusb/src/class/vendor/vendor_device.c.obj
                0x10007028                vendord_deinit
 .text.vendord_reset
                0x10007044       0x28 src/CMakeFiles/SerialCmds.dir/C_/Users/rimur/.pico-sdk/sdk/2.2.0/lib/tinyusb/src/class/vendor/vendor_device.c.obj
                0x10007044                vendord_reset
 .text.vendord_open
                0x1000706c      0x120 src/CMakeFiles/SerialCmds.dir/C_/Users/rimur/.pico-sdk/sdk/2.2.0/lib/tinyusb/src/class/vendor/vendor_device.c.obj
                0x1000706c                vendord_open
 .text.vendord_xfer_cb
                0x1000718c       0x9c src/CMakeFiles/SerialCmds.dir/C_/Users/rimur/.pico-sdk/sdk/2.2.0/lib/tinyusb/src/class/vendor/vendor_device.c.obj
                0x1000718c                vendord_xfer_cb
 .text.tusb_rhport_init
                0x10007228       0x4c src/CMakeFiles/SerialCmds.dir/C_/Users/rimur/.pico-sdk/sdk/2.2.0/lib/tinyusb/src/tusb.c.obj
                0x10007228                tusb_rhport_init
 .text.tu_edpt_claim
                0x10007274       0x50 src/CMakeFiles/SerialCmds.dir/C_/Users/rimur/.pico-sdk/sdk/2.2.0/lib/tinyusb/src/tusb.c.obj
                0x10007274                tu_edpt_claim
 .text.tu_edpt_release
                0x100072c4       0x38 src/CMakeFiles/SerialCmds.dir/C_/Users/rimur/.pico-sdk/sdk/2.2.0/lib/tinyusb/src/tusb.c.obj
                0x100072c4                tu_edpt_release
 .text.tu_edpt_validate
                0x100072fc       0x7c src/CMakeFiles/SerialCmds.dir/C_/Users/rimur/.pico-sdk/sdk/2.2.0/lib/tinyusb/src/tusb.c.obj
                0x100072fc                tu_edpt_validate
 .text.tu_edpt_bind_driver
                0x10007378       0x34 src/CMakeFiles/SerialCmds.dir/C_/Users/rimur/.pico-sdk/sdk/2.2.0/lib/tinyusb/src/tusb.c.obj
                0x10007378                tu_edpt_bind_driver
 .text.tu_edpt_stream_init
                0x100073ac       0x6c src/CMakeFiles/SerialCmds.dir/C_/Users/rimur/.pico-sdk/sdk/2.2.0/lib/tinyusb/src/tusb.c.obj
                0x100073ac                tu_edpt_stream_init
 .text.tu_edpt_stream_deinit
                0x10007418        0x4 src/CMakeFiles/SerialCmds.dir/C_/Users/rimur/.pico-sdk/sdk/2.2.0/lib/tinyusb/src/tusb.c.obj
                0x10007418                tu_edpt_stream_deinit
 .text.tu_edpt_stream_write_zlp_if_needed
                0x1000741c       0x68 src/CMakeFiles/SerialCmds.dir/C_/Users/rimur/.pico-sdk/sdk/2.2.0/lib/tinyusb/src/tusb.c.obj
                0x1000741c                tu_edpt_stream_write_zlp_if_needed
 .text.tu_edpt_stream_write_xfer
                0x10007484       0x68 src/CMakeFiles/SerialCmds.dir/C_/Users/rimur/.pico-sdk/sdk/2.2.0/lib/tinyusb/src/tusb.c.obj
                0x10007484                tu_edpt_stream_write_xfer
 .text.tu_edpt_stream_read_xfer
                0x100074ec       0xd8 src/CMakeFiles/SerialCmds.dir/C_/Users/rimur/.pico-sdk/sdk/2.2.0/lib/tinyusb/src/tusb.c.obj
                0x100074ec                tu_edpt_stream_read_xfer
 .text.tu_fifo_config
                0x100075c4       0x6c src/CMakeFiles/SerialCmds.dir/C_/Users/rimur/.pico-sdk/sdk/2.2.0/lib/tinyusb/src/common/tusb_fifo.c.obj
                0x100075c4                tu_fifo_config
 .text.tu_fifo_count
                0x10007630       0x2c src/CMakeFiles/SerialCmds.dir/C_/Users/rimur/.pico-sdk/sdk/2.2.0/lib/tinyusb/src/common/tusb_fifo.c.obj
                0x10007630                tu_fifo_count
 .text.tu_fifo_empty
                0x1000765c       0x10 src/CMakeFiles/SerialCmds.dir/C_/Users/rimur/.pico-sdk/sdk/2.2.0/lib/tinyusb/src/common/tusb_fifo.c.obj
                0x1000765c                tu_fifo_empty
 .text.tu_fifo_remaining
                0x1000766c       0x2c src/CMakeFiles/SerialCmds.dir/C_/Users/rimur/.pico-sdk/sdk/2.2.0/lib/tinyusb/src/common/tusb_fifo.c.obj
                0x1000766c                tu_fifo_remaining
 .text.tu_fifo_read
                0x10007698       0x9c src/CMakeFiles/SerialCmds.dir/C_/Users/rimur/.pico-sdk/sdk/2.2.0/lib/tinyusb/src/common/tusb_fifo.c.obj
                0x10007698                tu_fifo_read
 .text.tu_fifo_read_n
                0x10007734       0xe8 src/CMakeFiles/SerialCmds.dir/C_/Users/rimur/.pico-sdk/sdk/2.2.0/lib/tinyusb/src/common/tusb_fifo.c.obj
                0x10007734                tu_fifo_read_n
 .text.tu_fifo_write
                0x1000781c       0xa4 src/CMakeFiles/SerialCmds.dir/C_/Users/rimur/.pico-sdk/sdk/2.2.0/lib/tinyusb/src/common/tusb_fifo.c.obj
                0x1000781c                tu_fifo_write
 .text.tu_fifo_write_n
                0x100078c0      0x178 src/CMakeFiles/SerialCmds.dir/C_/Users/rimur/.pico-sdk/sdk/2.2.0/lib/tinyusb/src/common/tusb_fifo.c.obj
                0x100078c0                tu_fifo_write_n
 .text.tu_fifo_clear
                0x10007a38       0x40 src/CMakeFiles/SerialCmds.dir/C_/Users/rimur/.pico-sdk/sdk/2.2.0/lib/tinyusb/src/common/tusb_fifo.c.obj
                0x10007a38                tu_fifo_clear
 .text.tu_fifo_set_overwritable
                0x10007a78       0x48 src/CMakeFiles/SerialCmds.dir/C_/Users/rimur/.pico-sdk/sdk/2.2.0/lib/tinyusb/src/common/tusb_fifo.c.obj
                0x10007a78                tu_fifo_set_overwritable
 .text.pvPortMalloc
                0x10007ac0      0x174 src/CMakeFiles/SerialCmds.dir/D_/20260202/RPIPicoFreeRTOSCourse8/lib/FreeRTOS-Kernel/portable/MemMang/heap_4.c.obj
                0x10007ac0                pvPortMalloc
 .text.vPortFree
                0x10007c34       0x98 src/CMakeFiles/SerialCmds.dir/D_/20260202/RPIPicoFreeRTOSCourse8/lib/FreeRTOS-Kernel/portable/MemMang/heap_4.c.obj
                0x10007c34                vPortFree
 .text.vPortGetHeapStats
                0x10007ccc       0x84 src/CMakeFiles/SerialCmds.dir/D_/20260202/RPIPicoFreeRTOSCourse8/lib/FreeRTOS-Kernel/portable/MemMang/heap_4.c.obj
                0x10007ccc                vPortGetHeapStats
 .text.vPortSVCHandler
                0x10007d50        0x4 src/CMakeFiles/SerialCmds.dir/D_/20260202/RPIPicoFreeRTOSCourse8/lib/FreeRTOS-Kernel/portable/ThirdParty/GCC/RP2040/port.c.obj
                0x10007d50                vPortSVCHandler
 *fill*         0x10007d54        0xc 
 .text.vPortStartFirstTask
                0x10007d60       0x34 src/CMakeFiles/SerialCmds.dir/D_/20260202/RPIPicoFreeRTOSCourse8/lib/FreeRTOS-Kernel/portable/ThirdParty/GCC/RP2040/port.c.obj
 *fill*         0x10007d94        0xc 
 .text.xPortPendSVHandler
                0x10007da0       0x64 src/CMakeFiles/SerialCmds.dir/D_/20260202/RPIPicoFreeRTOSCourse8/lib/FreeRTOS-Kernel/portable/ThirdParty/GCC/RP2040/port.c.obj
                0x10007da0                xPortPendSVHandler
 .text.prvTaskExitError
                0x10007e04        0x8 src/CMakeFiles/SerialCmds.dir/D_/20260202/RPIPicoFreeRTOSCourse8/lib/FreeRTOS-Kernel/portable/ThirdParty/GCC/RP2040/port.c.obj
 .text.pxPortInitialiseStack
                0x10007e0c       0x20 src/CMakeFiles/SerialCmds.dir/D_/20260202/RPIPicoFreeRTOSCourse8/lib/FreeRTOS-Kernel/portable/ThirdParty/GCC/RP2040/port.c.obj
                0x10007e0c                pxPortInitialiseStack
 .text.vPortYield
                0x10007e2c       0x18 src/CMakeFiles/SerialCmds.dir/D_/20260202/RPIPicoFreeRTOSCourse8/lib/FreeRTOS-Kernel/portable/ThirdParty/GCC/RP2040/port.c.obj
                0x10007e2c                vPortYield
 .text.vPortEnterCritical
                0x10007e44       0x18 src/CMakeFiles/SerialCmds.dir/D_/20260202/RPIPicoFreeRTOSCourse8/lib/FreeRTOS-Kernel/portable/ThirdParty/GCC/RP2040/port.c.obj
                0x10007e44                vPortEnterCritical
 .text.vPortExitCritical
                0x10007e5c       0x34 src/CMakeFiles/SerialCmds.dir/D_/20260202/RPIPicoFreeRTOSCourse8/lib/FreeRTOS-Kernel/portable/ThirdParty/GCC/RP2040/port.c.obj
                0x10007e5c                vPortExitCritical
 .text.ulSetInterruptMaskFromISR
                0x10007e90        0x8 src/CMakeFiles/SerialCmds.dir/D_/20260202/RPIPicoFreeRTOSCourse8/lib/FreeRTOS-Kernel/portable/ThirdParty/GCC/RP2040/port.c.obj
                0x10007e90                ulSetInterruptMaskFromISR
 .text.vClearInterruptMaskFromISR
                0x10007e98        0x8 src/CMakeFiles/SerialCmds.dir/D_/20260202/RPIPicoFreeRTOSCourse8/lib/FreeRTOS-Kernel/portable/ThirdParty/GCC/RP2040/port.c.obj
                0x10007e98                vClearInterruptMaskFromISR
 .text.xPortSysTickHandler
                0x10007ea0       0x24 src/CMakeFiles/SerialCmds.dir/D_/20260202/RPIPicoFreeRTOSCourse8/lib/FreeRTOS-Kernel/portable/ThirdParty/GCC/RP2040/port.c.obj
                0x10007ea0                xPortSysTickHandler
 .text.vPortSetupTimerInterrupt
                0x10007ec4       0x34 src/CMakeFiles/SerialCmds.dir/D_/20260202/RPIPicoFreeRTOSCourse8/lib/FreeRTOS-Kernel/portable/ThirdParty/GCC/RP2040/port.c.obj
                0x10007ec4                vPortSetupTimerInterrupt
 .text.xPortStartScheduler
                0x10007ef8       0x68 src/CMakeFiles/SerialCmds.dir/D_/20260202/RPIPicoFreeRTOSCourse8/lib/FreeRTOS-Kernel/portable/ThirdParty/GCC/RP2040/port.c.obj
                0x10007ef8                xPortStartScheduler
 .text.ulPortLockGetCurrentOwnerId
                0x10007f60       0x2c src/CMakeFiles/SerialCmds.dir/D_/20260202/RPIPicoFreeRTOSCourse8/lib/FreeRTOS-Kernel/portable/ThirdParty/GCC/RP2040/port.c.obj
                0x10007f60                ulPortLockGetCurrentOwnerId
 .text.vPortLockInternalSpinUnlockWithWait
                0x10007f8c       0x68 src/CMakeFiles/SerialCmds.dir/D_/20260202/RPIPicoFreeRTOSCourse8/lib/FreeRTOS-Kernel/portable/ThirdParty/GCC/RP2040/port.c.obj
                0x10007f8c                vPortLockInternalSpinUnlockWithWait
 .text.vPortLockInternalSpinUnlockWithNotify
                0x10007ff4       0x80 src/CMakeFiles/SerialCmds.dir/D_/20260202/RPIPicoFreeRTOSCourse8/lib/FreeRTOS-Kernel/portable/ThirdParty/GCC/RP2040/port.c.obj
                0x10007ff4                vPortLockInternalSpinUnlockWithNotify
 .text.xPortLockInternalSpinUnlockWithBestEffortWaitOrTimeout
                0x10008074       0xf4 src/CMakeFiles/SerialCmds.dir/D_/20260202/RPIPicoFreeRTOSCourse8/lib/FreeRTOS-Kernel/portable/ThirdParty/GCC/RP2040/port.c.obj
                0x10008074                xPortLockInternalSpinUnlockWithBestEffortWaitOrTimeout
 .text.startup.prvRuntimeInitializer
                0x10008168       0x10 src/CMakeFiles/SerialCmds.dir/D_/20260202/RPIPicoFreeRTOSCourse8/lib/FreeRTOS-Kernel/portable/ThirdParty/GCC/RP2040/port.c.obj
 .text.vEventGroupSetBitsCallback
                0x10008178       0x90 src/CMakeFiles/SerialCmds.dir/D_/20260202/RPIPicoFreeRTOSCourse8/lib/FreeRTOS-Kernel/event_groups.c.obj
                0x10008178                vEventGroupSetBitsCallback
 .text.xEventGroupCreate
                0x10008208       0x18 src/CMakeFiles/SerialCmds.dir/D_/20260202/RPIPicoFreeRTOSCourse8/lib/FreeRTOS-Kernel/event_groups.c.obj
                0x10008208                xEventGroupCreate
 .text.xEventGroupWaitBits
                0x10008220       0xb8 src/CMakeFiles/SerialCmds.dir/D_/20260202/RPIPicoFreeRTOSCourse8/lib/FreeRTOS-Kernel/event_groups.c.obj
                0x10008220                xEventGroupWaitBits
 .text.xEventGroupSetBits
                0x100082d8       0x94 src/CMakeFiles/SerialCmds.dir/D_/20260202/RPIPicoFreeRTOSCourse8/lib/FreeRTOS-Kernel/event_groups.c.obj
                0x100082d8                xEventGroupSetBits
 .text.xEventGroupSetBitsFromISR
                0x1000836c       0x18 src/CMakeFiles/SerialCmds.dir/D_/20260202/RPIPicoFreeRTOSCourse8/lib/FreeRTOS-Kernel/event_groups.c.obj
                0x1000836c                xEventGroupSetBitsFromISR
 .text.vListInitialise
                0x10008384       0x18 src/CMakeFiles/SerialCmds.dir/D_/20260202/RPIPicoFreeRTOSCourse8/lib/FreeRTOS-Kernel/list.c.obj
                0x10008384                vListInitialise
 .text.vListInitialiseItem
                0x1000839c        0x8 src/CMakeFiles/SerialCmds.dir/D_/20260202/RPIPicoFreeRTOSCourse8/lib/FreeRTOS-Kernel/list.c.obj
                0x1000839c                vListInitialiseItem
 .text.vListInsertEnd
                0x100083a4       0x18 src/CMakeFiles/SerialCmds.dir/D_/20260202/RPIPicoFreeRTOSCourse8/lib/FreeRTOS-Kernel/list.c.obj
                0x100083a4                vListInsertEnd
 .text.vListInsert
                0x100083bc       0x30 src/CMakeFiles/SerialCmds.dir/D_/20260202/RPIPicoFreeRTOSCourse8/lib/FreeRTOS-Kernel/list.c.obj
                0x100083bc                vListInsert
 .text.uxListRemove
                0x100083ec       0x24 src/CMakeFiles/SerialCmds.dir/D_/20260202/RPIPicoFreeRTOSCourse8/lib/FreeRTOS-Kernel/list.c.obj
                0x100083ec                uxListRemove
 .text.prvUnlockQueue
                0x10008410      0x17c src/CMakeFiles/SerialCmds.dir/D_/20260202/RPIPicoFreeRTOSCourse8/lib/FreeRTOS-Kernel/queue.c.obj
 .text.prvNotifyQueueSetContainer
                0x1000858c       0x90 src/CMakeFiles/SerialCmds.dir/D_/20260202/RPIPicoFreeRTOSCourse8/lib/FreeRTOS-Kernel/queue.c.obj
 .text.xQueueGenericCreate
                0x1000861c       0xa4 src/CMakeFiles/SerialCmds.dir/D_/20260202/RPIPicoFreeRTOSCourse8/lib/FreeRTOS-Kernel/queue.c.obj
                0x1000861c                xQueueGenericCreate
 .text.xQueueGenericSend
                0x100086c0      0x1d4 src/CMakeFiles/SerialCmds.dir/D_/20260202/RPIPicoFreeRTOSCourse8/lib/FreeRTOS-Kernel/queue.c.obj
                0x100086c0                xQueueGenericSend
 .text.xQueueGenericSendFromISR
                0x10008894      0x150 src/CMakeFiles/SerialCmds.dir/D_/20260202/RPIPicoFreeRTOSCourse8/lib/FreeRTOS-Kernel/queue.c.obj
                0x10008894                xQueueGenericSendFromISR
 .text.xQueueReceive
                0x100089e4      0x11c src/CMakeFiles/SerialCmds.dir/D_/20260202/RPIPicoFreeRTOSCourse8/lib/FreeRTOS-Kernel/queue.c.obj
                0x100089e4                xQueueReceive
 .text.vQueueDelete
                0x10008b00       0x6c src/CMakeFiles/SerialCmds.dir/D_/20260202/RPIPicoFreeRTOSCourse8/lib/FreeRTOS-Kernel/queue.c.obj
                0x10008b00                vQueueDelete
 .text.vQueueAddToRegistry
                0x10008b6c      0x118 src/CMakeFiles/SerialCmds.dir/D_/20260202/RPIPicoFreeRTOSCourse8/lib/FreeRTOS-Kernel/queue.c.obj
                0x10008b6c                vQueueAddToRegistry
 .text.vQueueWaitForMessageRestricted
                0x10008c84       0x48 src/CMakeFiles/SerialCmds.dir/D_/20260202/RPIPicoFreeRTOSCourse8/lib/FreeRTOS-Kernel/queue.c.obj
                0x10008c84                vQueueWaitForMessageRestricted
 .text.xStreamBufferGenericCreate
                0x10008ccc       0x40 src/CMakeFiles/SerialCmds.dir/D_/20260202/RPIPicoFreeRTOSCourse8/lib/FreeRTOS-Kernel/stream_buffer.c.obj
                0x10008ccc                xStreamBufferGenericCreate
 .text.vStreamBufferDelete
                0x10008d0c       0x18 src/CMakeFiles/SerialCmds.dir/D_/20260202/RPIPicoFreeRTOSCourse8/lib/FreeRTOS-Kernel/stream_buffer.c.obj
                0x10008d0c                vStreamBufferDelete
 .text.xStreamBufferSend
                0x10008d24      0x1d4 src/CMakeFiles/SerialCmds.dir/D_/20260202/RPIPicoFreeRTOSCourse8/lib/FreeRTOS-Kernel/stream_buffer.c.obj
                0x10008d24                xStreamBufferSend
 .text.xStreamBufferReceive
                0x10008ef8      0x164 src/CMakeFiles/SerialCmds.dir/D_/20260202/RPIPicoFreeRTOSCourse8/lib/FreeRTOS-Kernel/stream_buffer.c.obj
                0x10008ef8                xStreamBufferReceive
 .text.prvIdleTask
                0x1000905c       0x60 src/CMakeFiles/SerialCmds.dir/D_/20260202/RPIPicoFreeRTOSCourse8/lib/FreeRTOS-Kernel/tasks.c.obj
 .text.prvAddCurrentTaskToDelayedList
                0x100090bc       0xb0 src/CMakeFiles/SerialCmds.dir/D_/20260202/RPIPicoFreeRTOSCourse8/lib/FreeRTOS-Kernel/tasks.c.obj
 .text.xTaskIncrementTick.part.0
                0x1000916c      0x19c src/CMakeFiles/SerialCmds.dir/D_/20260202/RPIPicoFreeRTOSCourse8/lib/FreeRTOS-Kernel/tasks.c.obj
 .text.xTaskCreate
                0x10009308      0x240 src/CMakeFiles/SerialCmds.dir/D_/20260202/RPIPicoFreeRTOSCourse8/lib/FreeRTOS-Kernel/tasks.c.obj
                0x10009308                xTaskCreate
 .text.vTaskDelete
                0x10009548       0xb8 src/CMakeFiles/SerialCmds.dir/D_/20260202/RPIPicoFreeRTOSCourse8/lib/FreeRTOS-Kernel/tasks.c.obj
                0x10009548                vTaskDelete
 .text.vTaskStartScheduler
                0x10009600      0x1d8 src/CMakeFiles/SerialCmds.dir/D_/20260202/RPIPicoFreeRTOSCourse8/lib/FreeRTOS-Kernel/tasks.c.obj
                0x10009600                vTaskStartScheduler
 .text.vTaskSuspendAll
                0x100097d8       0x10 src/CMakeFiles/SerialCmds.dir/D_/20260202/RPIPicoFreeRTOSCourse8/lib/FreeRTOS-Kernel/tasks.c.obj
                0x100097d8                vTaskSuspendAll
 .text.xTaskResumeAll
                0x100097e8      0x180 src/CMakeFiles/SerialCmds.dir/D_/20260202/RPIPicoFreeRTOSCourse8/lib/FreeRTOS-Kernel/tasks.c.obj
                0x100097e8                xTaskResumeAll
 .text.vTaskDelay
                0x10009968       0x78 src/CMakeFiles/SerialCmds.dir/D_/20260202/RPIPicoFreeRTOSCourse8/lib/FreeRTOS-Kernel/tasks.c.obj
                0x10009968                vTaskDelay
 .text.prvListTasksWithinSingleList.part.0
                0x100099e0      0x100 src/CMakeFiles/SerialCmds.dir/D_/20260202/RPIPicoFreeRTOSCourse8/lib/FreeRTOS-Kernel/tasks.c.obj
 .text.xTaskGetTickCount
                0x10009ae0        0xc src/CMakeFiles/SerialCmds.dir/D_/20260202/RPIPicoFreeRTOSCourse8/lib/FreeRTOS-Kernel/tasks.c.obj
                0x10009ae0                xTaskGetTickCount
 .text.uxTaskGetNumberOfTasks
                0x10009aec        0xc src/CMakeFiles/SerialCmds.dir/D_/20260202/RPIPicoFreeRTOSCourse8/lib/FreeRTOS-Kernel/tasks.c.obj
                0x10009aec                uxTaskGetNumberOfTasks
 .text.uxTaskGetSystemState
                0x10009af8      0x1b8 src/CMakeFiles/SerialCmds.dir/D_/20260202/RPIPicoFreeRTOSCourse8/lib/FreeRTOS-Kernel/tasks.c.obj
                0x10009af8                uxTaskGetSystemState
 .text.xTaskIncrementTick
                0x10009cb0       0x24 src/CMakeFiles/SerialCmds.dir/D_/20260202/RPIPicoFreeRTOSCourse8/lib/FreeRTOS-Kernel/tasks.c.obj
                0x10009cb0                xTaskIncrementTick
 .text.vTaskSwitchContext
                0x10009cd4       0x6c src/CMakeFiles/SerialCmds.dir/D_/20260202/RPIPicoFreeRTOSCourse8/lib/FreeRTOS-Kernel/tasks.c.obj
                0x10009cd4                vTaskSwitchContext
 .text.vTaskPlaceOnEventList
                0x10009d40       0x94 src/CMakeFiles/SerialCmds.dir/D_/20260202/RPIPicoFreeRTOSCourse8/lib/FreeRTOS-Kernel/tasks.c.obj
                0x10009d40                vTaskPlaceOnEventList
 .text.vTaskPlaceOnUnorderedEventList
                0x10009dd4       0xb8 src/CMakeFiles/SerialCmds.dir/D_/20260202/RPIPicoFreeRTOSCourse8/lib/FreeRTOS-Kernel/tasks.c.obj
                0x10009dd4                vTaskPlaceOnUnorderedEventList
 .text.vTaskPlaceOnEventListRestricted
                0x10009e8c       0xc0 src/CMakeFiles/SerialCmds.dir/D_/20260202/RPIPicoFreeRTOSCourse8/lib/FreeRTOS-Kernel/tasks.c.obj
                0x10009e8c                vTaskPlaceOnEventListRestricted
 .text.xTaskRemoveFromEventList
                0x10009f4c       0xcc src/CMakeFiles/SerialCmds.dir/D_/20260202/RPIPicoFreeRTOSCourse8/lib/FreeRTOS-Kernel/tasks.c.obj
                0x10009f4c                xTaskRemoveFromEventList
 .text.vTaskRemoveFromUnorderedEventList
                0x1000a018       0x94 src/CMakeFiles/SerialCmds.dir/D_/20260202/RPIPicoFreeRTOSCourse8/lib/FreeRTOS-Kernel/tasks.c.obj
                0x1000a018                vTaskRemoveFromUnorderedEventList
 .text.vTaskSetTimeOutState
                0x1000a0ac       0x24 src/CMakeFiles/SerialCmds.dir/D_/20260202/RPIPicoFreeRTOSCourse8/lib/FreeRTOS-Kernel/tasks.c.obj
                0x1000a0ac                vTaskSetTimeOutState
 .text.vTaskInternalSetTimeOutState
                0x1000a0d0       0x18 src/CMakeFiles/SerialCmds.dir/D_/20260202/RPIPicoFreeRTOSCourse8/lib/FreeRTOS-Kernel/tasks.c.obj
                0x1000a0d0                vTaskInternalSetTimeOutState
 .text.xTaskCheckForTimeOut
                0x1000a0e8       0x74 src/CMakeFiles/SerialCmds.dir/D_/20260202/RPIPicoFreeRTOSCourse8/lib/FreeRTOS-Kernel/tasks.c.obj
                0x1000a0e8                xTaskCheckForTimeOut
 .text.vTaskMissedYield
                0x1000a15c        0xc src/CMakeFiles/SerialCmds.dir/D_/20260202/RPIPicoFreeRTOSCourse8/lib/FreeRTOS-Kernel/tasks.c.obj
                0x1000a15c                vTaskMissedYield
 .text.uxTaskGetStackHighWaterMark
                0x1000a168       0x24 src/CMakeFiles/SerialCmds.dir/D_/20260202/RPIPicoFreeRTOSCourse8/lib/FreeRTOS-Kernel/tasks.c.obj
                0x1000a168                uxTaskGetStackHighWaterMark
 .text.xTaskGetCurrentTaskHandle
                0x1000a18c        0xc src/CMakeFiles/SerialCmds.dir/D_/20260202/RPIPicoFreeRTOSCourse8/lib/FreeRTOS-Kernel/tasks.c.obj
                0x1000a18c                xTaskGetCurrentTaskHandle
 .text.xTaskPriorityDisinherit
                0x1000a198       0x64 src/CMakeFiles/SerialCmds.dir/D_/20260202/RPIPicoFreeRTOSCourse8/lib/FreeRTOS-Kernel/tasks.c.obj
                0x1000a198                xTaskPriorityDisinherit
 .text.uxTaskResetEventItemValue
                0x1000a1fc       0x18 src/CMakeFiles/SerialCmds.dir/D_/20260202/RPIPicoFreeRTOSCourse8/lib/FreeRTOS-Kernel/tasks.c.obj
                0x1000a1fc                uxTaskResetEventItemValue
 .text.xTaskGenericNotifyWait
                0x1000a214       0x9c src/CMakeFiles/SerialCmds.dir/D_/20260202/RPIPicoFreeRTOSCourse8/lib/FreeRTOS-Kernel/tasks.c.obj
                0x1000a214                xTaskGenericNotifyWait
 .text.xTaskGenericNotify
                0x1000a2b0       0xe0 src/CMakeFiles/SerialCmds.dir/D_/20260202/RPIPicoFreeRTOSCourse8/lib/FreeRTOS-Kernel/tasks.c.obj
                0x1000a2b0                xTaskGenericNotify
 .text.xTaskGenericNotifyStateClear
                0x1000a390       0x30 src/CMakeFiles/SerialCmds.dir/D_/20260202/RPIPicoFreeRTOSCourse8/lib/FreeRTOS-Kernel/tasks.c.obj
                0x1000a390                xTaskGenericNotifyStateClear
 .text.prvTimerTask
                0x1000a3c0      0x380 src/CMakeFiles/SerialCmds.dir/D_/20260202/RPIPicoFreeRTOSCourse8/lib/FreeRTOS-Kernel/timers.c.obj
 .text.xTimerCreateTimerTask
                0x1000a740       0x8c src/CMakeFiles/SerialCmds.dir/D_/20260202/RPIPicoFreeRTOSCourse8/lib/FreeRTOS-Kernel/timers.c.obj
                0x1000a740                xTimerCreateTimerTask
 .text.xTimerPendFunctionCallFromISR
                0x1000a7cc       0x2c src/CMakeFiles/SerialCmds.dir/D_/20260202/RPIPicoFreeRTOSCourse8/lib/FreeRTOS-Kernel/timers.c.obj
                0x1000a7cc                xTimerPendFunctionCallFromISR
 .text.exception_set_exclusive_handler
                0x1000a7f8       0x48 src/CMakeFiles/SerialCmds.dir/C_/Users/rimur/.pico-sdk/sdk/2.2.0/src/rp2_common/hardware_exception/exception.c.obj
                0x1000a7f8                exception_set_exclusive_handler
 .text.parseString
                0x1000a840       0x98 src/CMakeFiles/SerialCmds.dir/D_/20260202/RPIPicoFreeRTOSCourse8/lib/tiny-json/tiny-json.c.obj
 .text.poolInit
                0x1000a8d8        0xc src/CMakeFiles/SerialCmds.dir/D_/20260202/RPIPicoFreeRTOSCourse8/lib/tiny-json/tiny-json.c.obj
 .text.poolAlloc
                0x1000a8e4       0x20 src/CMakeFiles/SerialCmds.dir/D_/20260202/RPIPicoFreeRTOSCourse8/lib/tiny-json/tiny-json.c.obj
 .text.primitiveValue
                0x1000a904       0x64 src/CMakeFiles/SerialCmds.dir/D_/20260202/RPIPicoFreeRTOSCourse8/lib/tiny-json/tiny-json.c.obj
 .text.objValue.constprop.0
                0x1000a968      0x340 src/CMakeFiles/SerialCmds.dir/D_/20260202/RPIPicoFreeRTOSCourse8/lib/tiny-json/tiny-json.c.obj
 .text.json_getProperty
                0x1000aca8       0x24 src/CMakeFiles/SerialCmds.dir/D_/20260202/RPIPicoFreeRTOSCourse8/lib/tiny-json/tiny-json.c.obj
                0x1000aca8                json_getProperty
 .text.json_create
                0x1000accc       0x6c src/CMakeFiles/SerialCmds.dir/D_/20260202/RPIPicoFreeRTOSCourse8/lib/tiny-json/tiny-json.c.obj
                0x1000accc                json_create
 .text.adc_init
                0x1000ad38       0x38 src/CMakeFiles/SerialCmds.dir/C_/Users/rimur/.pico-sdk/sdk/2.2.0/src/rp2_common/hardware_adc/adc.c.obj
                0x1000ad38                adc_init
 .text.free     0x1000ad70       0x14 C:/Users/rimur/.pico-sdk/toolchain/14_2_Rel1/bin/../lib/gcc/arm-none-eabi/14.2.1/thumb/v6-m/nofp\libg.a(libc_a-malloc.o)
                0x1000ad70                free
 .text.__malloc_lock
                0x1000ad84       0x10 C:/Users/rimur/.pico-sdk/toolchain/14_2_Rel1/bin/../lib/gcc/arm-none-eabi/14.2.1/thumb/v6-m/nofp\libg.a(libc_a-mlock.o)
                0x1000ad84                __malloc_lock
 .text.__malloc_unlock
                0x1000ad94       0x10 C:/Users/rimur/.pico-sdk/toolchain/14_2_Rel1/bin/../lib/gcc/arm-none-eabi/14.2.1/thumb/v6-m/nofp\libg.a(libc_a-mlock.o)
                0x1000ad94                __malloc_unlock
 .text.srand    0x1000ada4       0x14 C:/Users/rimur/.pico-sdk/toolchain/14_2_Rel1/bin/../lib/gcc/arm-none-eabi/14.2.1/thumb/v6-m/nofp\libg.a(libc_a-rand.o)
                0x1000ada4                srand
 .text.rand     0x1000adb8       0x34 C:/Users/rimur/.pico-sdk/toolchain/14_2_Rel1/bin/../lib/gcc/arm-none-eabi/14.2.1/thumb/v6-m/nofp\libg.a(libc_a-rand.o)
                0x1000adb8                rand
 .text._strtoll_l.isra.0
                0x1000adec      0x1a0 C:/Users/rimur/.pico-sdk/toolchain/14_2_Rel1/bin/../lib/gcc/arm-none-eabi/14.2.1/thumb/v6-m/nofp\libg.a(libc_a-strtoll.o)
 .text.strtoll  0x1000af8c       0x18 C:/Users/rimur/.pico-sdk/toolchain/14_2_Rel1/bin/../lib/gcc/arm-none-eabi/14.2.1/thumb/v6-m/nofp\libg.a(libc_a-strtoll.o)
                0x1000af8c                strtoll
 .text._sbrk_r  0x1000afa4       0x24 C:/Users/rimur/.pico-sdk/toolchain/14_2_Rel1/bin/../lib/gcc/arm-none-eabi/14.2.1/thumb/v6-m/nofp\libg.a(libc_a-sbrkr.o)
                0x1000afa4                _sbrk_r
 .text.__errno  0x1000afc8        0xc C:/Users/rimur/.pico-sdk/toolchain/14_2_Rel1/bin/../lib/gcc/arm-none-eabi/14.2.1/thumb/v6-m/nofp\libg.a(libc_a-errno.o)
                0x1000afc8                __errno
 .text.__retarget_lock_acquire_recursive
                0x1000afd4        0x4 C:/Users/rimur/.pico-sdk/toolchain/14_2_Rel1/bin/../lib/gcc/arm-none-eabi/14.2.1/thumb/v6-m/nofp\libg.a(libc_a-lock.o)
                0x1000afd4                __retarget_lock_acquire_recursive
 .text.__retarget_lock_release_recursive
                0x1000afd8        0x4 C:/Users/rimur/.pico-sdk/toolchain/14_2_Rel1/bin/../lib/gcc/arm-none-eabi/14.2.1/thumb/v6-m/nofp\libg.a(libc_a-lock.o)
                0x1000afd8                __retarget_lock_release_recursive
 .text.sysconf  0x1000afdc       0x1c C:/Users/rimur/.pico-sdk/toolchain/14_2_Rel1/bin/../lib/gcc/arm-none-eabi/14.2.1/thumb/v6-m/nofp\libg.a(libc_a-sysconf.o)
                0x1000afdc                sysconf
 .text          0x1000aff8       0x88 C:/Users/rimur/.pico-sdk/toolchain/14_2_Rel1/bin/../lib/gcc/arm-none-eabi/14.2.1/thumb/v6-m/nofp\libg.a(libc_a-strcmp.o)
                0x1000aff8                strcmp
 .text.strlen   0x1000b080       0x5c C:/Users/rimur/.pico-sdk/toolchain/14_2_Rel1/bin/../lib/gcc/arm-none-eabi/14.2.1/thumb/v6-m/nofp\libg.a(libc_a-strlen-stub.o)
                0x1000b080                strlen
 .text._malloc_trim_r
                0x1000b0dc       0xb4 C:/Users/rimur/.pico-sdk/toolchain/14_2_Rel1/bin/../lib/gcc/arm-none-eabi/14.2.1/thumb/v6-m/nofp\libg.a(libc_a-freer.o)
                0x1000b0dc                _malloc_trim_r
 .text._free_r  0x1000b190      0x1f0 C:/Users/rimur/.pico-sdk/toolchain/14_2_Rel1/bin/../lib/gcc/arm-none-eabi/14.2.1/thumb/v6-m/nofp\libg.a(libc_a-freer.o)
                0x1000b190                _free_r
 *(.fini)
 .fini          0x1000b380        0x4 C:/Users/rimur/.pico-sdk/toolchain/14_2_Rel1/bin/../lib/gcc/arm-none-eabi/14.2.1/thumb/v6-m/nofp/crti.o
                0x1000b380                _fini
 *fill*         0x1000b384        0x4 
 .fini.__stub   0x1000b388       0xd0 linker stubs
 *crtbegin.o(.ctors)
 *crtbegin?.o(.ctors)
 *(EXCLUDE_FILE(*crtend.o *crtend?.o) .ctors)
 *(SORT_BY_NAME(.ctors.*))
 *(.ctors)
 *crtbegin.o(.dtors)
 *crtbegin?.o(.dtors)
 *(EXCLUDE_FILE(*crtend.o *crtend?.o) .dtors)
 *(SORT_BY_NAME(.dtors.*))
 *(.dtors)
                0x1000b458                        . = ALIGN (0x4)
                0x1000b458                        PROVIDE (__preinit_array_start = .)
 *(SORT_BY_NAME(.preinit_array.*))
 .preinit_array.00100
                0x1000b458        0x4 src/CMakeFiles/SerialCmds.dir/C_/Users/rimur/.pico-sdk/sdk/2.2.0/src/rp2_common/pico_runtime_init/runtime_init.c.obj
                0x1000b458                __pre_init_runtime_init_early_resets
 .preinit_array.00101
                0x1000b45c        0x4 src/CMakeFiles/SerialCmds.dir/C_/Users/rimur/.pico-sdk/sdk/2.2.0/src/rp2_common/pico_runtime_init/runtime_init.c.obj
                0x1000b45c                __pre_init_runtime_init_usb_power_down
 .preinit_array.00275
                0x1000b460        0x4 src/CMakeFiles/SerialCmds.dir/C_/Users/rimur/.pico-sdk/sdk/2.2.0/src/rp2_common/pico_bit_ops/bit_ops_aeabi.S.obj
 .preinit_array.00300
                0x1000b464        0x4 src/CMakeFiles/SerialCmds.dir/C_/Users/rimur/.pico-sdk/sdk/2.2.0/src/rp2_common/pico_mem_ops/mem_ops_aeabi.S.obj
 .preinit_array.00350
                0x1000b468        0x4 src/CMakeFiles/SerialCmds.dir/C_/Users/rimur/.pico-sdk/sdk/2.2.0/src/rp2_common/pico_double/double_aeabi_rp2040.S.obj
 .preinit_array.00350
                0x1000b46c        0x4 src/CMakeFiles/SerialCmds.dir/C_/Users/rimur/.pico-sdk/sdk/2.2.0/src/rp2_common/pico_float/float_aeabi_rp2040.S.obj
 .preinit_array.00500
                0x1000b470        0x4 src/CMakeFiles/SerialCmds.dir/C_/Users/rimur/.pico-sdk/sdk/2.2.0/src/rp2_common/pico_runtime_init/runtime_init.c.obj
                0x1000b470                __pre_init_runtime_init_clocks
 .preinit_array.00600
                0x1000b474        0x4 src/CMakeFiles/SerialCmds.dir/C_/Users/rimur/.pico-sdk/sdk/2.2.0/src/rp2_common/pico_runtime_init/runtime_init.c.obj
                0x1000b474                __pre_init_runtime_init_post_clock_resets
 .preinit_array.00700
                0x1000b478        0x4 src/CMakeFiles/SerialCmds.dir/C_/Users/rimur/.pico-sdk/sdk/2.2.0/src/rp2_common/pico_runtime_init/runtime_init.c.obj
                0x1000b478                __pre_init_runtime_init_rp2040_gpio_ie_disable
 .preinit_array.01000
                0x1000b47c        0x4 src/CMakeFiles/SerialCmds.dir/C_/Users/rimur/.pico-sdk/sdk/2.2.0/src/rp2_common/pico_runtime_init/runtime_init.c.obj
                0x1000b47c                __pre_init_runtime_init_spin_locks_reset
 .preinit_array.01100
                0x1000b480        0x4 src/CMakeFiles/SerialCmds.dir/C_/Users/rimur/.pico-sdk/sdk/2.2.0/src/common/pico_sync/mutex.c.obj
                0x1000b480                __pre_init_runtime_init_mutex
 .preinit_array.10080
                0x1000b484        0x4 src/CMakeFiles/SerialCmds.dir/C_/Users/rimur/.pico-sdk/sdk/2.2.0/src/rp2_common/pico_runtime_init/runtime_init.c.obj
                0x1000b484                __pre_init_runtime_init_install_ram_vector_table
 .preinit_array.11000
                0x1000b488        0x4 src/CMakeFiles/SerialCmds.dir/C_/Users/rimur/.pico-sdk/sdk/2.2.0/src/common/pico_time/time.c.obj
                0x1000b488                __pre_init_runtime_init_default_alarm_pool
 .preinit_array.YYYYY
                0x1000b48c        0x4 src/CMakeFiles/SerialCmds.dir/C_/Users/rimur/.pico-sdk/sdk/2.2.0/src/rp2_common/pico_runtime/runtime.c.obj
                0x1000b48c                __pre_init_first_per_core_initializer
 .preinit_array.ZZZZZ.01200
                0x1000b490        0x4 src/CMakeFiles/SerialCmds.dir/C_/Users/rimur/.pico-sdk/sdk/2.2.0/src/rp2_common/hardware_irq/irq.c.obj
                0x1000b490                __pre_init_runtime_init_per_core_irq_priorities
 *(.preinit_array)
                0x1000b494                        PROVIDE (__preinit_array_end = .)
                0x1000b494                        . = ALIGN (0x4)
                0x1000b494                        PROVIDE (__init_array_start = .)
 *(SORT_BY_NAME(.init_array.*))
 .init_array.01000
                0x1000b494        0x4 src/CMakeFiles/SerialCmds.dir/C_/Users/rimur/.pico-sdk/sdk/2.2.0/src/rp2_common/pico_unique_id/unique_id.c.obj
 *(.init_array)
 .init_array    0x1000b498        0x4 C:/Users/rimur/.pico-sdk/toolchain/14_2_Rel1/bin/../lib/gcc/arm-none-eabi/14.2.1/thumb/v6-m/nofp/crtbegin.o
 .init_array    0x1000b49c        0x4 src/CMakeFiles/SerialCmds.dir/D_/20260202/RPIPicoFreeRTOSCourse8/lib/FreeRTOS-Kernel/portable/ThirdParty/GCC/RP2040/port.c.obj
                0x1000b4a0                        PROVIDE (__init_array_end = .)
                0x1000b4a0                        . = ALIGN (0x4)
                [!provide]                        PROVIDE (__fini_array_start = .)
 *(SORT_BY_NAME(.fini_array.*))
 *(.fini_array)
                [!provide]                        PROVIDE (__fini_array_end = .)
 *(.eh_frame*)
 .eh_frame      0x1000b4a0        0x0 C:/Users/rimur/.pico-sdk/toolchain/14_2_Rel1/bin/../lib/gcc/arm-none-eabi/14.2.1/thumb/v6-m/nofp/crtbegin.o
                0x1000b4a0                        . = ALIGN (0x4)

.glue_7         0x1000b4a0        0x0
 .glue_7        0x1000b4a0        0x0 linker stubs

.glue_7t        0x1000b4a0        0x0
 .glue_7t       0x1000b4a0        0x0 linker stubs

.vfp11_veneer   0x1000b4a0        0x0
 .vfp11_veneer  0x1000b4a0        0x0 linker stubs

.v4_bx          0x1000b4a0        0x0
 .v4_bx         0x1000b4a0        0x0 linker stubs

.iplt           0x1000b4a0        0x0